Component: ARM Compiler 5.06 update 3 (build 300) Tool: armlink [4d35c9]

==============================================================================

Section Cross References

    startup_stm32h743xx.o(RESET) refers to startup_stm32h743xx.o(STACK) for __initial_sp
    startup_stm32h743xx.o(RESET) refers to startup_stm32h743xx.o(.text) for Reset_Handler
    startup_stm32h743xx.o(RESET) refers to stm32h7xx_it.o(i.NMI_Handler) for NMI_Handler
    startup_stm32h743xx.o(RESET) refers to stm32h7xx_it.o(i.HardFault_Handler) for HardFault_Handler
    startup_stm32h743xx.o(RESET) refers to stm32h7xx_it.o(i.MemManage_Handler) for MemManage_Handler
    startup_stm32h743xx.o(RESET) refers to stm32h7xx_it.o(i.BusFault_Handler) for BusFault_Handler
    startup_stm32h743xx.o(RESET) refers to stm32h7xx_it.o(i.UsageFault_Handler) for UsageFault_Handler
    startup_stm32h743xx.o(RESET) refers to stm32h7xx_it.o(i.SVC_Handler) for SVC_Handler
    startup_stm32h743xx.o(RESET) refers to stm32h7xx_it.o(i.DebugMon_Handler) for DebugMon_Handler
    startup_stm32h743xx.o(RESET) refers to stm32h7xx_it.o(i.PendSV_Handler) for PendSV_Handler
    startup_stm32h743xx.o(RESET) refers to stm32h7xx_it.o(i.SysTick_Handler) for SysTick_Handler
    startup_stm32h743xx.o(RESET) refers to stm32h7xx_it.o(i.DMA1_Stream0_IRQHandler) for DMA1_Stream0_IRQHandler
    startup_stm32h743xx.o(RESET) refers to stm32h7xx_it.o(i.DMA1_Stream1_IRQHandler) for DMA1_Stream1_IRQHandler
    startup_stm32h743xx.o(RESET) refers to stm32h7xx_it.o(i.DMA1_Stream3_IRQHandler) for DMA1_Stream3_IRQHandler
    startup_stm32h743xx.o(RESET) refers to stm32h7xx_it.o(i.FDCAN1_IT0_IRQHandler) for FDCAN1_IT0_IRQHandler
    startup_stm32h743xx.o(RESET) refers to stm32h7xx_it.o(i.TIM1_UP_IRQHandler) for TIM1_UP_IRQHandler
    startup_stm32h743xx.o(RESET) refers to stm32h7xx_it.o(i.USART1_IRQHandler) for USART1_IRQHandler
    startup_stm32h743xx.o(RESET) refers to stm32h7xx_it.o(i.USART2_IRQHandler) for USART2_IRQHandler
    startup_stm32h743xx.o(RESET) refers to stm32h7xx_it.o(i.USART6_IRQHandler) for USART6_IRQHandler
    startup_stm32h743xx.o(.text) refers to system_stm32h7xx.o(i.SystemInit) for SystemInit
    startup_stm32h743xx.o(.text) refers to entry.o(.ARM.Collect$$$$00000000) for __main
    main.o(i.PeriphCommonClock_Config) refers to memseta.o(.text) for __aeabi_memclr4
    main.o(i.PeriphCommonClock_Config) refers to stm32h7xx_hal_rcc_ex.o(i.HAL_RCCEx_PeriphCLKConfig) for HAL_RCCEx_PeriphCLKConfig
    main.o(i.SystemClock_Config) refers to memseta.o(.text) for __aeabi_memclr4
    main.o(i.SystemClock_Config) refers to stm32h7xx_hal_pwr_ex.o(i.HAL_PWREx_ConfigSupply) for HAL_PWREx_ConfigSupply
    main.o(i.SystemClock_Config) refers to stm32h7xx_hal_rcc.o(i.HAL_RCC_OscConfig) for HAL_RCC_OscConfig
    main.o(i.SystemClock_Config) refers to stm32h7xx_hal_rcc.o(i.HAL_RCC_ClockConfig) for HAL_RCC_ClockConfig
    main.o(i.main) refers to stm32h7xx_hal_cortex.o(i.HAL_MPU_Disable) for HAL_MPU_Disable
    main.o(i.main) refers to stm32h7xx_hal_cortex.o(i.HAL_MPU_ConfigRegion) for HAL_MPU_ConfigRegion
    main.o(i.main) refers to stm32h7xx_hal_cortex.o(i.HAL_MPU_Enable) for HAL_MPU_Enable
    main.o(i.main) refers to stm32h7xx_hal.o(i.HAL_Init) for HAL_Init
    main.o(i.main) refers to main.o(i.SystemClock_Config) for SystemClock_Config
    main.o(i.main) refers to main.o(i.PeriphCommonClock_Config) for PeriphCommonClock_Config
    main.o(i.main) refers to gpio.o(i.MX_GPIO_Init) for MX_GPIO_Init
    main.o(i.main) refers to dma.o(i.MX_DMA_Init) for MX_DMA_Init
    main.o(i.main) refers to tim.o(i.MX_TIM1_Init) for MX_TIM1_Init
    main.o(i.main) refers to tim.o(i.MX_TIM2_Init) for MX_TIM2_Init
    main.o(i.main) refers to usart.o(i.MX_USART1_UART_Init) for MX_USART1_UART_Init
    main.o(i.main) refers to tim.o(i.MX_TIM6_Init) for MX_TIM6_Init
    main.o(i.main) refers to fdcan.o(i.MX_FDCAN1_Init) for MX_FDCAN1_Init
    main.o(i.main) refers to adc.o(i.MX_ADC1_Init) for MX_ADC1_Init
    main.o(i.main) refers to adc.o(i.MX_ADC2_Init) for MX_ADC2_Init
    main.o(i.main) refers to usart.o(i.MX_USART2_UART_Init) for MX_USART2_UART_Init
    main.o(i.main) refers to usart.o(i.MX_USART6_UART_Init) for MX_USART6_UART_Init
    main.o(i.main) refers to usart.o(i.MX_USART3_UART_Init) for MX_USART3_UART_Init
    main.o(i.main) refers to stm32h7xx_hal_gpio.o(i.HAL_GPIO_WritePin) for HAL_GPIO_WritePin
    main.o(i.main) refers to stm32h7xx_hal.o(i.HAL_Delay) for HAL_Delay
    main.o(i.main) refers to motor.o(i.enableADC) for enableADC
    main.o(i.main) refers to stm32h7xx_hal_uart.o(i.HAL_UART_Transmit_DMA) for HAL_UART_Transmit_DMA
    main.o(i.main) refers to motor.o(i.Motor_Init) for Motor_Init
    main.o(i.main) refers to foc.o(i.DWT_Init) for DWT_Init
    main.o(i.main) refers to encoder.o(i.Encoder_Init) for Encoder_Init
    main.o(i.main) refers to flash.o(i.Read_MotorData) for Read_MotorData
    main.o(i.main) refers to foc.o(i.init_controller_params) for init_controller_params
[...]
    HAL_DMA_Init                             0x08003cb1   Thumb Code   920  stm32h7xx_hal_dma.o(i.HAL_DMA_Init)
    HAL_DMA_Start_IT                         0x08004061   Thumb Code   680  stm32h7xx_hal_dma.o(i.HAL_DMA_Start_IT)
    HAL_Delay                                0x08004315   Thumb Code    32  stm32h7xx_hal.o(i.HAL_Delay)
    HAL_FDCAN_ActivateNotification           0x08004339   Thumb Code   124  stm32h7xx_hal_fdcan.o(i.HAL_FDCAN_ActivateNotification)
    HAL_FDCAN_AddMessageToTxFifoQ            0x080043bd   Thumb Code   102  stm32h7xx_hal_fdcan.o(i.HAL_FDCAN_AddMessageToTxFifoQ)
    HAL_FDCAN_ClockCalibrationCallback       0x08004423   Thumb Code     2  stm32h7xx_hal_fdcan.o(i.HAL_FDCAN_ClockCalibrationCallback)
    HAL_FDCAN_ConfigFilter                   0x08004425   Thumb Code   126  stm32h7xx_hal_fdcan.o(i.HAL_FDCAN_ConfigFilter)
    HAL_FDCAN_ErrorCallback                  0x080044a3   Thumb Code     2  stm32h7xx_hal_fdcan.o(i.HAL_FDCAN_ErrorCallback)
    HAL_FDCAN_ErrorStatusCallback            0x080044a5   Thumb Code     2  stm32h7xx_hal_fdcan.o(i.HAL_FDCAN_ErrorStatusCallback)
    HAL_FDCAN_GetRxMessage                   0x080044a9   Thumb Code   358  stm32h7xx_hal_fdcan.o(i.HAL_FDCAN_GetRxMessage)
    HAL_FDCAN_HighPriorityMessageCallback    0x08004615   Thumb Code     2  stm32h7xx_hal_fdcan.o(i.HAL_FDCAN_HighPriorityMessageCallback)
    HAL_FDCAN_IRQHandler                     0x08004619   Thumb Code   722  stm32h7xx_hal_fdcan.o(i.HAL_FDCAN_IRQHandler)
    HAL_FDCAN_Init                           0x080048f9   Thumb Code   570  stm32h7xx_hal_fdcan.o(i.HAL_FDCAN_Init)
    HAL_FDCAN_MspInit                        0x08004b3d   Thumb Code   108  fdcan.o(i.HAL_FDCAN_MspInit)
    HAL_FDCAN_RxBufferNewMessageCallback     0x08004bb5   Thumb Code     2  stm32h7xx_hal_fdcan.o(i.HAL_FDCAN_RxBufferNewMessageCallback)
    HAL_FDCAN_RxFifo0Callback                0x08004bb9   Thumb Code    44  stm32h7xx_it.o(i.HAL_FDCAN_RxFifo0Callback)
    HAL_FDCAN_RxFifo1Callback                0x08004bf1   Thumb Code     2  stm32h7xx_hal_fdcan.o(i.HAL_FDCAN_RxFifo1Callback)
    HAL_FDCAN_Start                          0x08004bf3   Thumb Code    50  stm32h7xx_hal_fdcan.o(i.HAL_FDCAN_Start)
    HAL_FDCAN_TT_GlobalTimeCallback          0x08004c25   Thumb Code     2  stm32h7xx_hal_fdcan.o(i.HAL_FDCAN_TT_GlobalTimeCallback)
    HAL_FDCAN_TT_ScheduleSyncCallback        0x08004c27   Thumb Code     2  stm32h7xx_hal_fdcan.o(i.HAL_FDCAN_TT_ScheduleSyncCallback)
    HAL_FDCAN_TT_StopWatchCallback           0x08004c29   Thumb Code     2  stm32h7xx_hal_fdcan.o(i.HAL_FDCAN_TT_StopWatchCallback)
    HAL_FDCAN_TT_TimeMarkCallback            0x08004c2b   Thumb Code     2  stm32h7xx_hal_fdcan.o(i.HAL_FDCAN_TT_TimeMarkCallback)
    HAL_FDCAN_TimeoutOccurredCallback        0x08004c2d   Thumb Code     2  stm32h7xx_hal_fdcan.o(i.HAL_FDCAN_TimeoutOccurredCallback)
    HAL_FDCAN_TimestampWraparoundCallback    0x08004c2f   Thumb Code     2  stm32h7xx_hal_fdcan.o(i.HAL_FDCAN_TimestampWraparoundCallback)
    HAL_FDCAN_TxBufferAbortCallback          0x08004c31   Thumb Code     2  stm32h7xx_hal_fdcan.o(i.HAL_FDCAN_TxBufferAbortCallback)
    HAL_FDCAN_TxBufferCompleteCallback       0x08004c33   Thumb Code     2  stm32h7xx_hal_fdcan.o(i.HAL_FDCAN_TxBufferCompleteCallback)
    HAL_FDCAN_TxEventFifoCallback            0x08004c35   Thumb Code     2  stm32h7xx_hal_fdcan.o(i.HAL_FDCAN_TxEventFifoCallback)
    HAL_FDCAN_TxFifoEmptyCallback            0x08004c37   Thumb Code     2  stm32h7xx_hal_fdcan.o(i.HAL_FDCAN_TxFifoEmptyCallback)
    HAL_FLASHEx_Erase                        0x08004c39   Thumb Code   268  stm32h7xx_hal_flash_ex.o(i.HAL_FLASHEx_Erase)
    HAL_FLASH_Lock                           0x08004d4d   Thumb Code    44  stm32h7xx_hal_flash.o(i.HAL_FLASH_Lock)
    HAL_FLASH_Program                        0x08004d7d   Thumb Code   184  stm32h7xx_hal_flash.o(i.HAL_FLASH_Program)
    HAL_FLASH_Unlock                         0x08004e3d   Thumb Code    54  stm32h7xx_hal_flash.o(i.HAL_FLASH_Unlock)
    HAL_GPIO_Init                            0x08004e81   Thumb Code   426  stm32h7xx_hal_gpio.o(i.HAL_GPIO_Init)
    HAL_GPIO_WritePin                        0x0800505d   Thumb Code    10  stm32h7xx_hal_gpio.o(i.HAL_GPIO_WritePin)
    HAL_GetREVID                             0x08005069   Thumb Code     8  stm32h7xx_hal.o(i.HAL_GetREVID)
    HAL_GetTick                              0x08005075   Thumb Code     6  stm32h7xx_hal.o(i.HAL_GetTick)
    HAL_IncTick                              0x08005081   Thumb Code    12  stm32h7xx_hal.o(i.HAL_IncTick)
    HAL_Init                                 0x08005091   Thumb Code    74  stm32h7xx_hal.o(i.HAL_Init)
    HAL_InitTick                             0x080050ed   Thumb Code    56  stm32h7xx_hal.o(i.HAL_InitTick)
    HAL_MPU_ConfigRegion                     0x0800512d   Thumb Code    78  stm32h7xx_hal_cortex.o(i.HAL_MPU_ConfigRegion)
    HAL_MPU_Disable                          0x08005181   Thumb Code    24  stm32h7xx_hal_cortex.o(i.HAL_MPU_Disable)
    HAL_MPU_Enable                           0x0800519d   Thumb Code    30  stm32h7xx_hal_cortex.o(i.HAL_MPU_Enable)
    HAL_MspInit                              0x080051c1   Thumb Code    22  stm32h7xx_hal_msp.o(i.HAL_MspInit)
    HAL_NVIC_EnableIRQ                       0x080051dd   Thumb Code    26  stm32h7xx_hal_cortex.o(i.HAL_NVIC_EnableIRQ)
    HAL_NVIC_SetPriority                     0x080051f9   Thumb Code    60  stm32h7xx_hal_cortex.o(i.HAL_NVIC_SetPriority)
    HAL_NVIC_SetPriorityGrouping             0x08005239   Thumb Code    26  stm32h7xx_hal_cortex.o(i.HAL_NVIC_SetPriorityGrouping)
    HAL_PWREx_ConfigSupply                   0x0800525d   Thumb Code    76  stm32h7xx_hal_pwr_ex.o(i.HAL_PWREx_ConfigSupply)
    HAL_RCCEx_GetD3PCLK1Freq                 0x080052ad   Thumb Code    26  stm32h7xx_hal_rcc_ex.o(i.HAL_RCCEx_GetD3PCLK1Freq)
    HAL_RCCEx_GetPLL1ClockFreq               0x080052d1   Thumb Code   318  stm32h7xx_hal_rcc_ex.o(i.HAL_RCCEx_GetPLL1ClockFreq)
    HAL_RCCEx_GetPLL2ClockFreq               0x08005429   Thumb Code   290  stm32h7xx_hal_rcc_ex.o(i.HAL_RCCEx_GetPLL2ClockFreq)
    HAL_RCCEx_GetPLL3ClockFreq               0x08005565   Thumb Code   290  stm32h7xx_hal_rcc_ex.o(i.HAL_RCCEx_GetPLL3ClockFreq)
    HAL_RCCEx_GetPeriphCLKFreq               0x080056a1   Thumb Code   714  stm32h7xx_hal_rcc_ex.o(i.HAL_RCCEx_GetPeriphCLKFreq)
    HAL_RCCEx_PeriphCLKConfig                0x0800597d   Thumb Code  2468  stm32h7xx_hal_rcc_ex.o(i.HAL_RCCEx_PeriphCLKConfig)
    HAL_RCC_ClockConfig                      0x08006325   Thumb Code   590  stm32h7xx_hal_rcc.o(i.HAL_RCC_ClockConfig)
    HAL_RCC_GetHCLKFreq                      0x08006595   Thumb Code    52  stm32h7xx_hal_rcc.o(i.HAL_RCC_GetHCLKFreq)
    HAL_RCC_GetPCLK1Freq                     0x080065d9   Thumb Code    26  stm32h7xx_hal_rcc.o(i.HAL_RCC_GetPCLK1Freq)
    HAL_RCC_GetPCLK2Freq                     0x080065fd   Thumb Code    26  stm32h7xx_hal_rcc.o(i.HAL_RCC_GetPCLK2Freq)
    HAL_RCC_GetSysClockFreq                  0x08006621   Thumb Code   270  stm32h7xx_hal_rcc.o(i.HAL_RCC_GetSysClockFreq)
    HAL_RCC_OscConfig                        0x08006751   Thumb Code  1390  stm32h7xx_hal_rcc.o(i.HAL_RCC_OscConfig)
    HAL_SYSTICK_Config                       0x08006cbf   Thumb Code    40  stm32h7xx_hal_cortex.o(i.HAL_SYSTICK_Config)
    HAL_TIMEx_Break2Callback                 0x08006ce7   Thumb Code     2  stm32h7xx_hal_tim_ex.o(i.HAL_TIMEx_Break2Callback)
    HAL_TIMEx_BreakCallback                  0x08006ce9   Thumb Code     2  stm32h7xx_hal_tim_ex.o(i.HAL_TIMEx_BreakCallback)
    HAL_TIMEx_CommutCallback                 0x08006ceb   Thumb Code     2  stm32h7xx_hal_tim_ex.o(i.HAL_TIMEx_CommutCallback)
    HAL_TIMEx_ConfigBreakDeadTime            0x08006ced   Thumb Code   132  stm32h7xx_hal_tim_ex.o(i.HAL_TIMEx_ConfigBreakDeadTime)
    HAL_TIMEx_ConfigBreakInput               0x08006d79   Thumb Code   208  stm32h7xx_hal_tim_ex.o(i.HAL_TIMEx_ConfigBreakInput)
    HAL_TIMEx_MasterConfigSynchronization    0x08006e49   Thumb Code   136  stm32h7xx_hal_tim_ex.o(i.HAL_TIMEx_MasterConfigSynchronization)
    HAL_TIM_Base_Init                        0x08006eed   Thumb Code    98  stm32h7xx_hal_tim.o(i.HAL_TIM_Base_Init)
    HAL_TIM_Base_MspInit                     0x08006f51   Thumb Code   158  tim.o(i.HAL_TIM_Base_MspInit)
    HAL_TIM_ConfigClockSource                0x08007001   Thumb Code   248  stm32h7xx_hal_tim.o(i.HAL_TIM_ConfigClockSource)
    HAL_TIM_IC_CaptureCallback               0x080070fd   Thumb Code     2  stm32h7xx_hal_tim.o(i.HAL_TIM_IC_CaptureCallback)
    HAL_TIM_IRQHandler                       0x080070ff   Thumb Code   330  stm32h7xx_hal_tim.o(i.HAL_TIM_IRQHandler)
    HAL_TIM_MspPostInit                      0x08007249   Thumb Code    72  tim.o(i.HAL_TIM_MspPostInit)
    HAL_TIM_OC_DelayElapsedCallback          0x0800729d   Thumb Code     2  stm32h7xx_hal_tim.o(i.HAL_TIM_OC_DelayElapsedCallback)
    HAL_TIM_PWM_ConfigChannel                0x0800729f   Thumb Code   292  stm32h7xx_hal_tim.o(i.HAL_TIM_PWM_ConfigChannel)
    HAL_TIM_PWM_Init                         0x080073c3   Thumb Code    98  stm32h7xx_hal_tim.o(i.HAL_TIM_PWM_Init)
    HAL_TIM_PWM_MspInit                      0x08007425   Thumb Code     2  stm32h7xx_hal_tim.o(i.HAL_TIM_PWM_MspInit)
    HAL_TIM_PWM_PulseFinishedCallback        0x08007427   Thumb Code     2  stm32h7xx_hal_tim.o(i.HAL_TIM_PWM_PulseFinishedCallback)
    HAL_TIM_PeriodElapsedCallback            0x08007429   Thumb Code     2  stm32h7xx_hal_tim.o(i.HAL_TIM_PeriodElapsedCallback)
    HAL_TIM_TriggerCallback                  0x0800742b   Thumb Code     2  stm32h7xx_hal_tim.o(i.HAL_TIM_TriggerCallback)
    HAL_UARTEx_DisableFifoMode               0x0800742d   Thumb Code    62  stm32h7xx_hal_uart_ex.o(i.HAL_UARTEx_DisableFifoMode)
    HAL_UARTEx_ReceiveToIdle_DMA             0x0800746b   Thumb Code    82  stm32h7xx_hal_uart_ex.o(i.HAL_UARTEx_ReceiveToIdle_DMA)
    HAL_UARTEx_RxEventCallback               0x080074bd   Thumb Code    98  stm32h7xx_it.o(i.HAL_UARTEx_RxEventCallback)
    HAL_UARTEx_RxFifoFullCallback            0x08007535   Thumb Code     2  stm32h7xx_hal_uart_ex.o(i.HAL_UARTEx_RxFifoFullCallback)
    HAL_UARTEx_SetRxFifoThreshold            0x08007537   Thumb Code    76  stm32h7xx_hal_uart_ex.o(i.HAL_UARTEx_SetRxFifoThreshold)
    HAL_UARTEx_SetTxFifoThreshold            0x08007583   Thumb Code    76  stm32h7xx_hal_uart_ex.o(i.HAL_UARTEx_SetTxFifoThreshold)
    HAL_UARTEx_TxFifoEmptyCallback           0x080075cf   Thumb Code     2  stm32h7xx_hal_uart_ex.o(i.HAL_UARTEx_TxFifoEmptyCallback)
    HAL_UARTEx_WakeupCallback                0x080075d1   Thumb Code     2  stm32h7xx_hal_uart_ex.o(i.HAL_UARTEx_WakeupCallback)
    HAL_UART_DMAStop                         0x080075d3   Thumb Code   148  stm32h7xx_hal_uart.o(i.HAL_UART_DMAStop)
    HAL_UART_ErrorCallback                   0x08007667   Thumb Code     2  stm32h7xx_hal_uart.o(i.HAL_UART_ErrorCallback)
    HAL_UART_IRQHandler                      0x08007669   Thumb Code   880  stm32h7xx_hal_uart.o(i.HAL_UART_IRQHandler)
    HAL_UART_Init                            0x080079ed   Thumb Code   106  stm32h7xx_hal_uart.o(i.HAL_UART_Init)
    HAL_UART_MspInit                         0x08007a59   Thumb Code   642  usart.o(i.HAL_UART_MspInit)
    HAL_UART_Receive_IT                      0x08007d05   Thumb Code    66  stm32h7xx_hal_uart.o(i.HAL_UART_Receive_IT)
    HAL_UART_RxCpltCallback                  0x08007d4d   Thumb Code     2  stm32h7xx_hal_uart.o(i.HAL_UART_RxCpltCallback)
    HAL_UART_RxHalfCpltCallback              0x08007d4f   Thumb Code     2  stm32h7xx_hal_uart.o(i.HAL_UART_RxHalfCpltCallback)
    HAL_UART_Transmit                        0x08007d51   Thumb Code   174  stm32h7xx_hal_uart.o(i.HAL_UART_Transmit)
    HAL_UART_Transmit_DMA                    0x08007e01   Thumb Code   132  stm32h7xx_hal_uart.o(i.HAL_UART_Transmit_DMA)
    HAL_UART_TxCpltCallback                  0x08007e91   Thumb Code     2  stm32h7xx_hal_uart.o(i.HAL_UART_TxCpltCallback)
    HAL_UART_TxHalfCpltCallback              0x08007e93   Thumb Code     2  stm32h7xx_hal_uart.o(i.HAL_UART_TxHalfCpltCallback)
    HardFault_Handler                        0x08007e95   Thumb Code     2  stm32h7xx_it.o(i.HardFault_Handler)
    Homing                                   0x08007e99   Thumb Code    46  foc.o(i.Homing)
    InverseParkTransform                     0x08007f19   Thumb Code    98  foc.o(i.InverseParkTransform)
    IterationLn                              0x08007f7b   Thumb Code   112  foc.o(i.IterationLn)
    LoadData                                 0x0800805d   Thumb Code   278  uart4_vofa+.o(i.LoadData)
    MX_ADC1_Init                             0x080081a5   Thumb Code   250  adc.o(i.MX_ADC1_Init)
    MX_ADC2_Init                             0x080082b9   Thumb Code   180  adc.o(i.MX_ADC2_Init)
    MX_DMA_Init                              0x0800837d   Thumb Code    72  dma.o(i.MX_DMA_Init)
    MX_FDCAN1_Init                           0x080083c9   Thumb Code   156  fdcan.o(i.MX_FDCAN1_Init)
    MX_GPIO_Init                             0x0800846d   Thumb Code   214  gpio.o(i.MX_GPIO_Init)
    MX_TIM1_Init                             0x08008555   Thumb Code   270  tim.o(i.MX_TIM1_Init)
    MX_TIM2_Init                             0x0800866d   Thumb Code    98  tim.o(i.MX_TIM2_Init)
    MX_TIM6_Init                             0x080086d5   Thumb Code    62  tim.o(i.MX_TIM6_Init)
    MX_USART1_UART_Init                      0x0800871d   Thumb Code   100  usart.o(i.MX_USART1_UART_Init)
    MX_USART2_UART_Init                      0x0800878d   Thumb Code   100  usart.o(i.MX_USART2_UART_Init)
    MX_USART3_UART_Init                      0x080087fd   Thumb Code    94  usart.o(i.MX_USART3_UART_Init)
    MX_USART6_UART_Init                      0x08008865   Thumb Code    94  usart.o(i.MX_USART6_UART_Init)
    MemManage_Handler                        0x08008add   Thumb Code     2  stm32h7xx_it.o(i.MemManage_Handler)
    Mod                                      0x08008adf   Thumb Code    64  foc.o(i.Mod)
    MotorStop                                0x08008b21   Thumb Code    20  motor.o(i.MotorStop)
    Motor_Init                               0x08008b39   Thumb Code   414  motor.o(i.Motor_Init)
    NMI_Handler                              0x08008d25   Thumb Code     2  stm32h7xx_it.o(i.NMI_Handler)
    PD_FOC_clear                             0x08008d29   Thumb Code    92  foc.o(i.PD_FOC_clear)
    Pack_ActiveReport                        0x08008dcd   Thumb Code   226  can_rv.o(i.Pack_ActiveReport)
    Pack_ActiveReport_Current                0x08008ed5   Thumb Code    76  can_rv.o(i.Pack_ActiveReport_Current)
    PendSV_Handler                           0x08008f2d   Thumb Code     2  stm32h7xx_it.o(i.PendSV_Handler)
    PeriphCommonClock_Config                 0x08008f2f   Thumb Code    72  main.o(i.PeriphCommonClock_Config)
    PositionLoop                             0x08008f79   Thumb Code    46  foc.o(i.PositionLoop)
    Read_MotorData                           0x080091e5   Thumb Code   248  flash.o(i.Read_MotorData)
    SVC_Handler                              0x0800932b   Thumb Code     2  stm32h7xx_it.o(i.SVC_Handler)
    SweepSine_Init                           0x080095e5   Thumb Code    80  sweepsine.o(i.SweepSine_Init)
    SweepSine_Start                          0x08009639   Thumb Code    40  sweepsine.o(i.SweepSine_Start)
    SweepSine_Update_ISR                     0x08009665   Thumb Code   172  sweepsine.o(i.SweepSine_Update_ISR)
    SysTick_Handler                          0x0800971d   Thumb Code     4  stm32h7xx_it.o(i.SysTick_Handler)
    SystemClock_Config                       0x08009721   Thumb Code   206  main.o(i.SystemClock_Config)
    SystemInit                               0x080097fd   Thumb Code   180  system_stm32h7xx.o(i.SystemInit)
    TIM1_UP_IRQHandler                       0x080098d9   Thumb Code   844  stm32h7xx_it.o(i.TIM1_UP_IRQHandler)
    TIM_Base_SetConfig                       0x08009cdd   Thumb Code   174  stm32h7xx_hal_tim.o(i.TIM_Base_SetConfig)
    TIM_ETR_SetConfig                        0x08009dad   Thumb Code    20  stm32h7xx_hal_tim.o(i.TIM_ETR_SetConfig)
    TIM_OC2_SetConfig                        0x08009e71   Thumb Code   120  stm32h7xx_hal_tim.o(i.TIM_OC2_SetConfig)
    UART_AdvFeatureConfig                    0x0800a171   Thumb Code   200  stm32h7xx_hal_uart.o(i.UART_AdvFeatureConfig)
    UART_CheckIdleState                      0x0800a239   Thumb Code   172  stm32h7xx_hal_uart.o(i.UART_CheckIdleState)
    UART_SetConfig                           0x0800a985   Thumb Code   862  stm32h7xx_hal_uart.o(i.UART_SetConfig)
    UART_Start_Receive_DMA                   0x0800ad21   Thumb Code   158  stm32h7xx_hal_uart.o(i.UART_Start_Receive_DMA)
    UART_Start_Receive_IT                    0x0800adcd   Thumb Code   256  stm32h7xx_hal_uart.o(i.UART_Start_Receive_IT)
    UART_WaitOnFlagUntilTimeout              0x0800aedd   Thumb Code   146  stm32h7xx_hal_uart.o(i.UART_WaitOnFlagUntilTimeout)
    USART1_IRQHandler                        0x0800af71   Thumb Code  3024  stm32h7xx_it.o(i.USART1_IRQHandler)
    USART2_IRQHandler                        0x0800bb59   Thumb Code    90  stm32h7xx_it.o(i.USART2_IRQHandler)
    USART6_IRQHandler                        0x0800bbc9   Thumb Code     6  stm32h7xx_it.o(i.USART6_IRQHandler)
    UsageFault_Handler                       0x0800bbd5   Thumb Code     2  stm32h7xx_it.o(i.UsageFault_Handler)
    VelocityLoop                             0x0800bbd9   Thumb Code   134  foc.o(i.VelocityLoop)
    Write_MotorData                          0x0800bc7d   Thumb Code   348  flash.o(i.Write_MotorData)
    __0printf                                0x0800be59   Thumb Code    22  printfa.o(i.__0printf)
    __1printf                                0x0800be59   Thumb Code     0  printfa.o(i.__0printf)
    __2printf                                0x0800be59   Thumb Code     0  printfa.o(i.__0printf)
    __c89printf                              0x0800be59   Thumb Code     0  printfa.o(i.__0printf)
    printf                                   0x0800be59   Thumb Code     0  printfa.o(i.__0printf)
    __ARM_fpclassifyf                        0x0800be79   Thumb Code    38  fpclassifyf.o(i.__ARM_fpclassifyf)
    __aeabi_errno_addr                       0x0800bec1   Thumb Code     4  errno.o(i.__aeabi_errno_addr)
    __rt_errno_addr                          0x0800bec1   Thumb Code     0  errno.o(i.__aeabi_errno_addr)
    __hardfp_atof                            0x0800bec9   Thumb Code    44  atof.o(i.__hardfp_atof)
    __hardfp_fmaxf                           0x0800bf01   Thumb Code    72  fmaxf.o(i.__hardfp_fmaxf)
    __hardfp_fminf                           0x0800bf49   Thumb Code    72  fminf.o(i.__hardfp_fminf)
    __hardfp_logf                            0x0800bf91   Thumb Code   324  logf.o(i.__hardfp_logf)
    __mathlib_logf                           0x0800bf91   Thumb Code     0  logf.o(i.__hardfp_logf)
    __hardfp_sinf                            0x0800c10d   Thumb Code   344  sinf.o(i.__hardfp_sinf)
    __hardfp_sqrt                            0x0800c2a1   Thumb Code   102  sqrt.o(i.__hardfp_sqrt)
    __hardfp_sqrtf                           0x0800c307   Thumb Code    58  sqrtf.o(i.__hardfp_sqrtf)
    __mathlib_flt_divzero                    0x0800c341   Thumb Code    14  funder.o(i.__mathlib_flt_divzero)
    __mathlib_flt_infnan                     0x0800c359   Thumb Code     6  funder.o(i.__mathlib_flt_infnan)
    __mathlib_flt_invalid                    0x0800c361   Thumb Code    10  funder.o(i.__mathlib_flt_invalid)
    __mathlib_flt_underflow                  0x0800c371   Thumb Code    10  funder.o(i.__mathlib_flt_underflow)
    __mathlib_rredf2                         0x0800c381   Thumb Code   316  rredf.o(i.__mathlib_rredf2)
    __read_errno                             0x0800c4d5   Thumb Code     6  errno.o(i.__read_errno)
    __scatterload_copy                       0x0800c4e1   Thumb Code    14  handlers.o(i.__scatterload_copy)
    __scatterload_null                       0x0800c4ef   Thumb Code     2  handlers.o(i.__scatterload_null)
    __scatterload_zeroinit                   0x0800c4f1   Thumb Code    14  handlers.o(i.__scatterload_zeroinit)
    __set_errno                              0x0800c501   Thumb Code     6  errno.o(i.__set_errno)
    _is_digit                                0x0800c691   Thumb Code    14  scanf_fp.o(i._is_digit)
    arm_cos_f32                              0x0800cdd1   Thumb Code   108  arm_cos_f32.o(i.arm_cos_f32)
    arm_sin_f32                              0x0800ce49   Thumb Code   124  arm_sin_f32.o(i.arm_sin_f32)
    calcCRC                                  0x0800ced5   Thumb Code    30  foc.o(i.calcCRC)
    calibrate                                0x0800cef9   Thumb Code   528  calibration.o(i.calibrate)
    currentSample                            0x0800d1b5   Thumb Code   208  motor.o(i.currentSample)
    delay_us                                 0x0800d295   Thumb Code    36  foc.o(i.delay_us)
    disablePWM                               0x0800d2bd   Thumb Code    38  foc.o(i.disablePWM)
    enableADC                                0x0800d2ed   Thumb Code    26  motor.o(i.enableADC)
    enablePWM                                0x0800d311   Thumb Code    16  foc.o(i.enablePWM)
    encoderSample                            0x0800d325   Thumb Code   308  encoder.o(i.encoderSample)
    enter_menu_state                         0x0800d46d   Thumb Code   218  interact.o(i.enter_menu_state)
    enter_setup_state                        0x0800d639   Thumb Code   500  interact.o(i.enter_setup_state)
    errorDiag                                0x0800db31   Thumb Code   884  diag.o(i.errorDiag)
    errorReport                              0x0800ded5   Thumb Code   284  diag.o(i.errorReport)
    float2uint                               0x0800e0b9   Thumb Code     6  flash.o(i.float2uint)
    float_to_uint                            0x0800e0bf   Thumb Code    40  foc.o(i.float_to_uint)
    fputc                                    0x0800e0e9   Thumb Code    20  uart_printf.o(i.fputc)
    get_next_position                        0x0800e101   Thumb Code   440  pptraj.o(i.get_next_position)
    init_controller_params                   0x0800e2c1   Thumb Code    70  foc.o(i.init_controller_params)
    init_planner                             0x0800e319   Thumb Code   326  pptraj.o(i.init_planner)
    least_square_method                      0x0800e469   Thumb Code   274  foc.o(i.least_square_method)
    limit_norm                               0x0800e5a9   Thumb Code    86  foc.o(i.limit_norm)
    main                                     0x0800e601   Thumb Code   858  main.o(i.main)
    order_phases                             0x0800ea49   Thumb Code   276  calibration.o(i.order_phases)
    pack_reply                               0x0800ec21   Thumb Code   190  can_rv.o(i.pack_reply)
    prvMod2PI                                0x0800eeb9   Thumb Code    60  foc.o(i.prvMod2PI)
    startJADC                                0x0800eefd   Thumb Code    18  motor.o(i.startJADC)
    temperatureSample                        0x0800ef19   Thumb Code   300  motor.o(i.temperatureSample)
    torque_control                           0x0800f071   Thumb Code    90  foc.o(i.torque_control)
    uint32_to_float                          0x0800f0e1   Thumb Code    40  foc.o(i.uint32_to_float)
    unpack_MIT_cmd                           0x0800f109   Thumb Code   172  can_rv.o(i.unpack_MIT_cmd)
    unpack_position_cmd                      0x0800f1d5   Thumb Code   170  can_rv.o(i.unpack_position_cmd)
    unpack_speed_cmd                         0x0800f2b5   Thumb Code    60  can_rv.o(i.unpack_speed_cmd)
    unpack_torque_cmd                        0x0800f305   Thumb Code    68  can_rv.o(i.unpack_torque_cmd)
    voltageSample                            0x0800f365   Thumb Code    40  motor.o(i.voltageSample)
    UARTPrescTable                           0x0800f3fc   Data          24  stm32h7xx_hal_uart.o(.constdata)
    D1CorePrescTable                         0x0800f424   Data          16  system_stm32h7xx.o(.constdata)
    Motor                                    0x0800f434   Data           8  motor.o(.constdata)
    Pid                                      0x0800f43c   Data          24  pid.o(.constdata)
    sinTable_f32                             0x0800f454   Data        2052  arm_common_tables.o(.constdata)
    __ctype_table                            0x0800fcb8   Data         129  ctype_o.o(.constdata)
    Region$$Table$$Base                      0x080107f8   Number         0  anon$$obj.o(Region$$Table)
    Region$$Table$$Limit                     0x08010818   Number         0  anon$$obj.o(Region$$Table)
    stateChange                              0x24000000   Data           1  main.o(.data)
    TorqueTestFlag                           0x24000001   Data           1  main.o(.data)
    TorqueTestLoop                           0x24000002   Data           1  main.o(.data)
    FDCAN_ID                                 0x24000008   Data           1  fdcan.o(.data)
    FDCAN1_TxData                            0x24000009   Data           8  fdcan.o(.data)
    USART1_RX_STA                            0x24000012   Data           2  usart.o(.data)
    USART2_TX_BUF                            0x24000014   Data           1  usart.o(.data)
    USART2_RX_Cnt                            0x24000015   Data           1  usart.o(.data)
    USART1_aRxBuffer                         0x24000016   Data           1  usart.o(.data)
    SweepSineStart                           0x24000018   Data           1  stm32h7xx_it.o(.data)
    IDLE_flag                                0x24000019   Data           1  stm32h7xx_it.o(.data)
    u8_100usFlag                             0x2400001a   Data           1  stm32h7xx_it.o(.data)
    u8_1msFlag                               0x2400001b   Data           1  stm32h7xx_it.o(.data)
    EncoderCnt                               0x2400001c   Data           4  stm32h7xx_it.o(.data)
    angleInner                               0x24000020   Data           4  stm32h7xx_it.o(.data)
    angleOutter                              0x24000024   Data           4  stm32h7xx_it.o(.data)
    u32Timecnt                               0x24000028   Data           4  stm32h7xx_it.o(.data)
    uwTickFreq                               0x2400002c   Data           1  stm32h7xx_hal.o(.data)
    uwTickPrio                               0x24000030   Data           4  stm32h7xx_hal.o(.data)
    uwTick                                   0x24000034   Data           4  stm32h7xx_hal.o(.data)
    SystemCoreClock                          0x24000038   Data           4  system_stm32h7xx.o(.data)
    SystemD2Clock                            0x2400003c   Data           4  system_stm32h7xx.o(.data)
    cmd_val                                  0x24000040   Data           8  foc.o(.data)
    cmd_id                                   0x24000048   Data           1  foc.o(.data)
    char_count                               0x24000049   Data           1  foc.o(.data)
    svpwm_on                                 0x2400004a   Data           1  foc.o(.data)
    FSMstate                                 0x2400004c   Data           2  foc.o(.data)
    Ta                                       0x2400004e   Data           2  foc.o(.data)
    Tb                                       0x24000050   Data           2  foc.o(.data)
    Tc                                       0x24000052   Data           2  foc.o(.data)
    crcTable                                 0x24000054   Data         256  foc.o(.data)
    caliOn_flag                              0x24000154   Data           1  foc.o(.data)
    ISR_time_us                              0x24000158   Data           4  foc.o(.data)
    I_BW_set                                 0x2400015c   Data           4  foc.o(.data)
    I_SWOver_set                             0x24000160   Data           4  foc.o(.data)
    Velocity_P_set                           0x24000164   Data           4  foc.o(.data)
    Velocity_I_set                           0x24000168   Data           4  foc.o(.data)
    Position_P_set                           0x2400016c   Data           4  foc.o(.data)
    Position_I_set                           0x24000170   Data           4  foc.o(.data)
    Current_P_set                            0x24000174   Data           4  foc.o(.data)
    Current_I_set                            0x24000178   Data           4  foc.o(.data)
    FOC_velAccDec_set                        0x2400017c   Data           4  foc.o(.data)
    ISR_start                                0x24000180   Data           4  foc.o(.data)
    ISR_end                                  0x24000184   Data           4  foc.o(.data)
    vel_loop_flag                            0x24000188   Data           1  encoder.o(.data)
    pos_loop_flag                            0x24000189   Data           1  encoder.o(.data)
    vel_zero_cnt                             0x2400018a   Data           1  encoder.o(.data)
    p_encoder_g                              0x24000190   Data           4  encoder.o(.data)
    p_encoder2_g                             0x24000194   Data           4  encoder.o(.data)
    p_torque_g                               0x24000198   Data           4  encoder.o(.data)
    v_filter_k                               0x2400019c   Data           4  encoder.o(.data)
    delta_encoder_cnt_M                      0x240001a0   Data           4  encoder.o(.data)
    delta_encoderInner_cnt_M                 0x240001a4   Data           4  encoder.o(.data)
    M_velVec                                 0x240001a8   Data           8  encoder.o(.data)
    Current_errorCount                       0x240001b1   Data           1  motor.o(.data)
    p_motor_g                                0x240001b4   Data           4  motor.o(.data)
    TEMP_MOTOR                               0x240001b8   Data           4  motor.o(.data)
    TEMP_MOS                                 0x240001bc   Data           4  motor.o(.data)
    TEMP_MOTOR_filter1                       0x240001c0   Data           4  motor.o(.data)
    TEMP_MOTOR_filter2                       0x240001c4   Data           4  motor.o(.data)
    TEMP_MOS_filter1                         0x240001c8   Data           4  motor.o(.data)
    pos_estimate_counts_                     0x240001cc   Data           4  motor.o(.data)
    pos_cpr_counts_                          0x240001d0   Data           4  motor.o(.data)
    current_meas_period                      0x240001d4   Data           4  motor.o(.data)
    vel_estimate_counts_                     0x240001d8   Data           4  motor.o(.data)
    pll_kp_                                  0x240001dc   Data           4  motor.o(.data)
    pll_ki_                                  0x240001e0   Data           4  motor.o(.data)
    pos_estimate_                            0x240001e4   Data           4  motor.o(.data)
    vel_estimate_                            0x240001e8   Data           4  motor.o(.data)
    shadow_count_                            0x240001ec   Data           4  motor.o(.data)
    count_in_cpr_                            0x240001f0   Data           4  motor.o(.data)
    p_velocity_loop_g                        0x240001f4   Data           4  pid.o(.data)
    p_position_loop_g                        0x240001f8   Data           4  pid.o(.data)
    I_SWOver                                 0x240001fc   Data           4  user_config.o(.data)
    Position_P                               0x24000200   Data           4  user_config.o(.data)
    Position_I                               0x24000204   Data           4  user_config.o(.data)
    Velocity_P                               0x24000208   Data           4  user_config.o(.data)
    Velocity_I                               0x2400020c   Data           4  user_config.o(.data)
    Current_P                                0x24000210   Data           4  user_config.o(.data)
    Current_I                                0x24000214   Data           4  user_config.o(.data)
    iq_min                                   0x24000218   Data           4  user_config.o(.data)
    iq_max                                   0x2400021c   Data           4  user_config.o(.data)
    w_min                                    0x24000220   Data           4  user_config.o(.data)
    w_max                                    0x24000224   Data           4  user_config.o(.data)
    p_min                                    0x24000228   Data           4  user_config.o(.data)
    p_max                                    0x2400022c   Data           4  user_config.o(.data)
    CAN_MASTER                               0x24000230   Data           2  interact.o(.data)
    state_change                             0x24000232   Data           2  interact.o(.data)
    CAN_ID                                   0x24000234   Data           4  interact.o(.data)
    I_BW                                     0x24000238   Data           4  interact.o(.data)
    Motor_Iq                                 0x2400023c   Data           4  interact.o(.data)
    Motor_W                                  0x24000240   Data           4  interact.o(.data)
    Motor_P                                  0x24000244   Data           4  interact.o(.data)
    FOC_velAccDec                            0x24000248   Data           4  interact.o(.data)
    bDynamMode                               0x2400024c   Data           1  can_rv.o(.data)
    bTargetPosFinish                         0x2400024d   Data           1  can_rv.o(.data)
    bPos_PP_Flag                             0x2400024e   Data           1  can_rv.o(.data)
    KP_MIN                                   0x24000250   Data           4  can_rv.o(.data)
    KP_MAX                                   0x24000254   Data           4  can_rv.o(.data)
    KD_MIN                                   0x24000258   Data           4  can_rv.o(.data)
    KD_MAX                                   0x2400025c   Data           4  can_rv.o(.data)
    POS_MIN                                  0x24000260   Data           4  can_rv.o(.data)
    POS_MAX                                  0x24000264   Data           4  can_rv.o(.data)
    SPD_MIN                                  0x24000268   Data           4  can_rv.o(.data)
    SPD_MAX                                  0x2400026c   Data           4  can_rv.o(.data)
    rv_type_convert                          0x24000270   Data           4  can_rv.o(.data)
    CAN_timeout                              0x24000274   Data           4  can_rv.o(.data)
    CAN_TIMEOUT                              0x24000278   Data           4  can_rv.o(.data)
    VOFA_On                                  0x2400027c   Data           2  uart4_vofa+.o(.data)
    temp                                     0x24000280   Data           4  uart4_vofa+.o(.data)
    Report_SWOvercur                         0x24000284   Data           1  diag.o(.data)
    Report_HWOvercur                         0x24000285   Data           1  diag.o(.data)
    Report_SWUndervolt                       0x24000286   Data           1  diag.o(.data)
    Report_SWOvervolt                        0x24000287   Data           1  diag.o(.data)
    Report_MOS_OverTEMP                      0x24000288   Data           1  diag.o(.data)
    Report_MOTOR_OverTEMP                    0x24000289   Data           1  diag.o(.data)
    Report_OverSpeed                         0x2400028a   Data           1  diag.o(.data)
    a_cur_record                             0x24000298   Data           4  diag.o(.data)
    b_cur_record                             0x2400029c   Data           4  diag.o(.data)
    c_cur_record                             0x240002a0   Data           4  diag.o(.data)
    DC_bus_record                            0x240002a4   Data           4  diag.o(.data)
    temperature_MOS_record                   0x240002a8   Data           4  diag.o(.data)
    temperature_MOTOR_record                 0x240002ac   Data           4  diag.o(.data)
    A_CURRENT                                0x240002b0   Data           4  diag.o(.data)
    B_CURRENT                                0x240002b4   Data           4  diag.o(.data)
    C_CURRENT                                0x240002b8   Data           4  diag.o(.data)
    DC_BUS                                   0x240002bc   Data           4  diag.o(.data)
    TEMPERATURE_MOSFET                       0x240002c0   Data           4  diag.o(.data)
    TEMPERATURE_MOTOR                        0x240002c4   Data           4  diag.o(.data)
    trajcplt                                 0x240002c8   Data           1  pptraj.o(.data)
    p_planner_s                              0x240002cc   Data           4  pptraj.o(.data)
    traj_active                              0x240002d0   Data           1  trajectory.o(.data)
    traj_complete                            0x240002d1   Data           1  trajectory.o(.data)
    Max_num                                  0x240002d2   Data           2  trajectory.o(.data)
    p_period                                 0x240002d4   Data           4  trajectory.o(.data)
    trajectory_tim_count                     0x240002d8   Data           1  trajectory.o(.data)
    trace_task_complete                      0x240002d9   Data           1  trajectory.o(.data)
    __stdout                                 0x240002dc   Data           4  stdout.o(.data)
    id_sweep_gen                             0x240002e4   Data          52  main.o(.bss)
    hadc1                                    0x24000318   Data         100  adc.o(.bss)
    hadc2                                    0x2400037c   Data         100  adc.o(.bss)
    FDCAN1_RX_BUF                            0x240003e0   Data          64  fdcan.o(.bss)
    FDCAN1_RX_DATA                           0x24000420   Data          64  fdcan.o(.bss)
    RxHeader                                 0x24000460   Data          40  fdcan.o(.bss)
    hfdcan1                                  0x24000488   Data         160  fdcan.o(.bss)
    htim1                                    0x24000528   Data          76  tim.o(.bss)
    htim2                                    0x24000574   Data          76  tim.o(.bss)
    htim6                                    0x240005c0   Data          76  tim.o(.bss)
    USART2_RX_BUF                            0x2400060c   Data          20  usart.o(.bss)
    huart1                                   0x24000620   Data         148  usart.o(.bss)
    huart2                                   0x240006b4   Data         148  usart.o(.bss)
    huart3                                   0x24000748   Data         148  usart.o(.bss)
    huart6                                   0x240007dc   Data         148  usart.o(.bss)
    hdma_usart2_rx                           0x24000870   Data         120  usart.o(.bss)
    hdma_usart2_tx                           0x240008e8   Data         120  usart.o(.bss)
    hdma_usart6_tx                           0x24000960   Data         120  usart.o(.bss)
    USART2_RX_DATA                           0x240009d8   Data          20  usart.o(.bss)
    USART1_RX_BUF                            0x240009ec   Data         200  usart.o(.bss)
    pFlash                                   0x24000ab4   Data          28  stm32h7xx_hal_flash.o(.bss)
    controller                               0x24000ad0   Data         192  foc.o(.bss)
    error_f                                  0x24000b90   Data       10752  calibration.o(.bss)
    error_b                                  0x24003590   Data       10752  calibration.o(.bss)
    raw_f                                    0x24005f90   Data       10752  calibration.o(.bss)
    raw_b                                    0x24008990   Data       10752  calibration.o(.bss)
    M_velVec_Inner                           0x2400b390   Data          40  encoder.o(.bss)
    encoder_g                                0x2400b3b8   Data        8280  encoder.o(.bss)
    encoder2_g                               0x2400d410   Data        8280  encoder.o(.bss)
    torque_g                                 0x2400f468   Data          36  encoder.o(.bss)
    current_a                                0x2400f48c   Data         120  motor.o(.bss)
    current_sum                              0x2400f504   Data         120  motor.o(.bss)
    motor_g                                  0x2400f57c   Data         208  motor.o(.bss)
    velocity_loop                            0x2400f64c   Data          68  pid.o(.bss)
    position_loop                            0x2400f690   Data          68  pid.o(.bss)
    FOC_CAN_TxData                           0x2400f6d4   Data          16  can_rv.o(.bss)
    VOFA_data                                0x2400f6e4   Data          76  uart4_vofa+.o(.bss)
    VOFA_dma_tx_buf                          0x2400f730   Data          80  uart4_vofa+.o(.bss)
    a_cur                                    0x2400f780   Data          12  diag.o(.bss)
    b_cur                                    0x2400f78c   Data          12  diag.o(.bss)
    c_cur                                    0x2400f798   Data          12  diag.o(.bss)
    DC_bus                                   0x2400f7a4   Data          12  diag.o(.bss)
    temperature_MOS                          0x2400f7b0   Data          12  diag.o(.bss)
    temperature_MOTOR                        0x2400f7bc   Data          12  diag.o(.bss)
    flash_buffer                             0x2400f7c8   Data         128  flash.o(.bss)
    planner_s                                0x2400f848   Data          48  pptraj.o(.bss)
    __initial_sp                             0x24010878   Data           0  startup_stm32h743xx.o(STACK)



==============================================================================

Memory Map of the image

  Image Entry point : 0x08000299

  Load Region LR_IROM1 (Base: 0x08000000, Size: 0x00010afc, Max: 0x00200000, ABSOLUTE, COMPRESSED[0x000109bc])

    Execution Region ER_IROM1 (Base: 0x08000000, Size: 0x00010818, Max: 0x00200000, ABSOLUTE)

    Base Addr    Size         Type   Attr      Idx    E Section Name        Object

    0x08000000   0x00000298   Data   RO            3    RESET               startup_stm32h743xx.o
    0x08000298   0x00000000   Code   RO         7135  * .ARM.Collect$$$$00000000  mc_w.l(entry.o)
    0x08000298   0x00000004   Code   RO         7428    .ARM.Collect$$$$00000001  mc_w.l(entry2.o)
    0x0800029c   0x00000004   Code   RO         7431    .ARM.Collect$$$$00000004  mc_w.l(entry5.o)
    0x080002a0   0x00000000   Code   RO         7433    .ARM.Collect$$$$00000008  mc_w.l(entry7b.o)
    0x080002a0   0x00000000   Code   RO         7435    .ARM.Collect$$$$0000000A  mc_w.l(entry8b.o)
    0x080002a0   0x00000008   Code   RO         7436    .ARM.Collect$$$$0000000B  mc_w.l(entry9a.o)
    0x080002a8   0x00000000   Code   RO         7438    .ARM.Collect$$$$0000000D  mc_w.l(entry10a.o)
    0x080002a8   0x00000000   Code   RO         7440    .ARM.Collect$$$$0000000F  mc_w.l(entry11a.o)
    0x080002a8   0x00000004   Code   RO         7429    .ARM.Collect$$$$00002712  mc_w.l(entry2.o)
    0x080002ac   0x00000024   Code   RO            4    .text               startup_stm32h743xx.o
    0x080002d0   0x00000062   Code   RO         7138    .text               mc_w.l(uldiv.o)
    0x08000332   0x00000024   Code   RO         7140    .text               mc_w.l(memcpya.o)
    0x08000356   0x00000024   Code   RO         7142    .text               mc_w.l(memseta.o)
    0x0800037a   0x0000001a   Code   RO         7407    .text               mc_w.l(atoi.o)
    0x08000394   0x0000002c   Code   RO         7443    .text               mc_w.l(uidiv.o)
    0x080003c0   0x0000001e   Code   RO         7445    .text               mc_w.l(llshl.o)
    0x080003de   0x00000020   Code   RO         7447    .text               mc_w.l(llushr.o)
    0x080003fe   0x00000002   PAD
    0x08000400   0x0000009c   Code   RO         7456    .text               mc_w.l(strtod.o)
    0x0800049c   0x00000070   Code   RO         7458    .text               mc_w.l(strtol.o)
    0x0800050c   0x00000000   Code   RO         7460    .text               mc_w.l(iusefp.o)
    0x0800050c   0x0000014e   Code   RO         7463    .text               mf_w.l(dadd.o)
    0x0800065a   0x000000e4   Code   RO         7465    .text               mf_w.l(dmul.o)
    0x0800073e   0x000000de   Code   RO         7467    .text               mf_w.l(ddiv.o)
    0x0800081c   0x00000030   Code   RO         7471    .text               mf_w.l(dfixul.o)
    0x0800084c   0x00000030   Code   RO         7473    .text               mf_w.l(cdrcmple.o)
    0x0800087c   0x00000036   Code   RO         7475    .text               mf_w.l(fcmp4.o)
    0x080008b2   0x00000002   PAD
    0x080008b4   0x00000024   Code   RO         7479    .text               mc_w.l(init.o)
    0x080008d8   0x00000024   Code   RO         7481    .text               mc_w.l(llsshr.o)
    0x080008fc   0x00000008   Code   RO         7485    .text               mc_w.l(ctype_o.o)
    0x08000904   0x00000012   Code   RO         7507    .text               mc_w.l(isspace_o.o)
    0x08000916   0x00000002   PAD
    0x08000918   0x00000338   Code   RO         7513    .text               mc_w.l(scanf_fp.o)
    0x08000c50   0x00000040   Code   RO         7517    .text               mc_w.l(_sgetc.o)
    0x08000c90   0x0000009e   Code   RO         7519    .text               mc_w.l(_strtoul.o)
    0x08000d2e   0x0000006e   Code   RO         7521    .text               mf_w.l(fepilogue.o)
    0x08000d9c   0x000000ba   Code   RO         7523    .text               mf_w.l(depilogue.o)
    0x08000e56   0x0000001c   Code   RO         7528    .text               mc_w.l(_chval.o)
    0x08000e72   0x00000018   Code   RO         7530    .text               mf_w.l(dfltul.o)
    0x08000e8a   0x00000038   Code   RO         7532    .text               mf_w.l(d2f.o)
    0x08000ec2   0x00000056   Code   RO         7542    .text               mc_w.l(__dczerorl2.o)
    0x08000f18   0x00000108   Code   RO          765    i.ADC_ConfigureBoostMode  stm32h7xx_hal_adc.o
    0x08001020   0x000000b0   Code   RO          771    i.ADC_Enable        stm32h7xx_hal_adc.o
    0x080010d0   0x0000002c   Code   RO         5838    i.ApplyVoltDQToSVPWM  foc.o
    0x080010fc   0x00000002   Code   RO          593    i.BusFault_Handler  stm32h7xx_it.o
    0x080010fe   0x00000002   PAD
    0x08001100   0x000004f0   Code   RO         6728    i.CAN_MsgProcess    can_rv.o
    0x080015f0   0x00000044   Code   RO         6729    i.CAN_SendMessage   can_rv.o
    0x08001634   0x00000140   Code   RO         6198    i.CalcCurrentOffset  motor.o
    0x08001774   0x000000a0   Code   RO         6199    i.Calc_current_rms  motor.o
    0x08001814   0x00000050   Code   RO         5840    i.ClarkTransform    foc.o
    0x08001864   0x00000258   Code   RO         5841    i.CurrentLoop       foc.o
    0x08001abc   0x0000000c   Code   RO          594    i.DMA1_Stream0_IRQHandler  stm32h7xx_it.o
    0x08001ac8   0x0000000c   Code   RO          595    i.DMA1_Stream1_IRQHandler  stm32h7xx_it.o
    0x08001ad4   0x0000000c   Code   RO          596    i.DMA1_Stream3_IRQHandler  stm32h7xx_it.o
    0x08001ae0   0x000000b8   Code   RO         1868    i.DMA_CalcBaseAndBitshift  stm32h7xx_hal_dma.o
    0x08001b98   0x000000a0   Code   RO         1869    i.DMA_CalcDMAMUXChannelBaseAndMask  stm32h7xx_hal_dma.o
    0x08001c38   0x0000007c   Code   RO         1870    i.DMA_CalcDMAMUXRequestGenBaseAndMask  stm32h7xx_hal_dma.o
    0x08001cb4   0x00000054   Code   RO         1871    i.DMA_CheckFifoParam  stm32h7xx_hal_dma.o
    0x08001d08   0x00000220   Code   RO         1872    i.DMA_SetConfig     stm32h7xx_hal_dma.o
    0x08001f28   0x00000038   Code   RO         5842    i.DWT_Init          foc.o
    0x08001f60   0x00000002   Code   RO          597    i.DebugMon_Handler  stm32h7xx_it.o
    0x08001f62   0x00000002   PAD
    0x08001f64   0x000000d8   Code   RO         6309    i.DoPidCalc         pid.o
    0x0800203c   0x00000100   Code   RO         6142    i.Encoder_Init      encoder.o
    0x0800213c   0x00000004   Code   RO           13    i.Error_Handler     main.o
    0x08002140   0x0000000c   Code   RO          598    i.FDCAN1_IT0_IRQHandler  stm32h7xx_it.o
    0x0800214c   0x000001c0   Code   RO         3638    i.FDCAN_CalcultateRamBlockAddresses  stm32h7xx_hal_fdcan.o
    0x0800230c   0x00000068   Code   RO         3639    i.FDCAN_CopyMessageToRAM  stm32h7xx_hal_fdcan.o
    0x08002374   0x00000044   Code   RO         1622    i.FLASH_Erase_Sector  stm32h7xx_hal_flash_ex.o
    0x080023b8   0x0000007c   Code   RO         1623    i.FLASH_MassErase   stm32h7xx_hal_flash_ex.o
    0x08002434   0x000000c8   Code   RO         1514    i.FLASH_WaitForLastOperation  stm32h7xx_hal_flash.o
    0x080024fc   0x00000022   Code   RO         6931    i.Flash_EraseSector  flash.o
    0x0800251e   0x00000002   PAD
    0x08002520   0x00000020   Code   RO         6932    i.Flash_Init        flash.o
    0x08002540   0x00000034   Code   RO          993    i.HAL_ADCEx_DisableInjectedQueue  stm32h7xx_hal_adc_ex.o
    0x08002574   0x00000574   Code   RO          998    i.HAL_ADCEx_InjectedConfigChannel  stm32h7xx_hal_adc_ex.o
    0x08002ae8   0x000000fc   Code   RO         1003    i.HAL_ADCEx_InjectedStart  stm32h7xx_hal_adc_ex.o
    0x08002be4   0x00000118   Code   RO         1012    i.HAL_ADCEx_MultiModeConfigChannel  stm32h7xx_hal_adc_ex.o
    0x08002cfc   0x00000220   Code   RO          782    i.HAL_ADC_Init      stm32h7xx_hal_adc.o
    0x08002f1c   0x000000d0   Code   RO          326    i.HAL_ADC_MspInit   adc.o
    0x08002fec   0x00000360   Code   RO         1873    i.HAL_DMA_Abort     stm32h7xx_hal_dma.o
    0x0800334c   0x0000026c   Code   RO         1874    i.HAL_DMA_Abort_IT  stm32h7xx_hal_dma.o
    0x080035b8   0x00000004   Code   RO         1876    i.HAL_DMA_GetError  stm32h7xx_hal_dma.o
    0x080035bc   0x000006f4   Code   RO         1878    i.HAL_DMA_IRQHandler  stm32h7xx_hal_dma.o
    0x08003cb0   0x000003b0   Code   RO         1879    i.HAL_DMA_Init      stm32h7xx_hal_dma.o
    0x08004060   0x000002b4   Code   RO         1883    i.HAL_DMA_Start_IT  stm32h7xx_hal_dma.o
    0x08004314   0x00000024   Code   RO         2735    i.HAL_Delay         stm32h7xx_hal.o
    0x08004338   0x00000084   Code   RO         3641    i.HAL_FDCAN_ActivateNotification  stm32h7xx_hal_fdcan.o
    0x080043bc   0x00000066   Code   RO         3643    i.HAL_FDCAN_AddMessageToTxFifoQ  stm32h7xx_hal_fdcan.o
    0x08004422   0x00000002   Code   RO         3644    i.HAL_FDCAN_ClockCalibrationCallback  stm32h7xx_hal_fdcan.o
    0x08004424   0x0000007e   Code   RO         3648    i.HAL_FDCAN_ConfigFilter  stm32h7xx_hal_fdcan.o
    0x080044a2   0x00000002   Code   RO         3670    i.HAL_FDCAN_ErrorCallback  stm32h7xx_hal_fdcan.o
    0x080044a4   0x00000002   Code   RO         3671    i.HAL_FDCAN_ErrorStatusCallback  stm32h7xx_hal_fdcan.o
    0x080044a6   0x00000002   PAD
    0x080044a8   0x0000016c   Code   RO         3682    i.HAL_FDCAN_GetRxMessage  stm32h7xx_hal_fdcan.o
    0x08004614   0x00000002   Code   RO         3688    i.HAL_FDCAN_HighPriorityMessageCallback  stm32h7xx_hal_fdcan.o
    0x08004616   0x00000002   PAD
    0x08004618   0x000002e0   Code   RO         3689    i.HAL_FDCAN_IRQHandler  stm32h7xx_hal_fdcan.o
    0x080048f8   0x00000244   Code   RO         3690    i.HAL_FDCAN_Init    stm32h7xx_hal_fdcan.o
    0x08004b3c   0x00000078   Code   RO          399    i.HAL_FDCAN_MspInit  fdcan.o
    0x08004bb4   0x00000002   Code   RO         3699    i.HAL_FDCAN_RxBufferNewMessageCallback  stm32h7xx_hal_fdcan.o
    0x08004bb6   0x00000002   PAD
    0x08004bb8   0x00000038   Code   RO          599    i.HAL_FDCAN_RxFifo0Callback  stm32h7xx_it.o
    0x08004bf0   0x00000002   Code   RO         3701    i.HAL_FDCAN_RxFifo1Callback  stm32h7xx_hal_fdcan.o
    0x08004bf2   0x00000032   Code   RO         3702    i.HAL_FDCAN_Start   stm32h7xx_hal_fdcan.o
    0x08004c24   0x00000002   Code   RO         3724    i.HAL_FDCAN_TT_GlobalTimeCallback  stm32h7xx_hal_fdcan.o
    0x08004c26   0x00000002   Code   RO         3725    i.HAL_FDCAN_TT_ScheduleSyncCallback  stm32h7xx_hal_fdcan.o
    0x08004c28   0x00000002   Code   RO         3730    i.HAL_FDCAN_TT_StopWatchCallback  stm32h7xx_hal_fdcan.o
    0x08004c2a   0x00000002   Code   RO         3731    i.HAL_FDCAN_TT_TimeMarkCallback  stm32h7xx_hal_fdcan.o
    0x08004c2c   0x00000002   Code   RO         3732    i.HAL_FDCAN_TimeoutOccurredCallback  stm32h7xx_hal_fdcan.o
    0x08004c2e   0x00000002   Code   RO         3733    i.HAL_FDCAN_TimestampWraparoundCallback  stm32h7xx_hal_fdcan.o
    0x08004c30   0x00000002   Code   RO         3734    i.HAL_FDCAN_TxBufferAbortCallback  stm32h7xx_hal_fdcan.o
    0x08004c32   0x00000002   Code   RO         3735    i.HAL_FDCAN_TxBufferCompleteCallback  stm32h7xx_hal_fdcan.o
    0x08004c34   0x00000002   Code   RO         3736    i.HAL_FDCAN_TxEventFifoCallback  stm32h7xx_hal_fdcan.o
    0x08004c36   0x00000002   Code   RO         3737    i.HAL_FDCAN_TxFifoEmptyCallback  stm32h7xx_hal_fdcan.o
    0x08004c38   0x00000114   Code   RO         1626    i.HAL_FLASHEx_Erase  stm32h7xx_hal_flash_ex.o
    0x08004d4c   0x00000030   Code   RO         1518    i.HAL_FLASH_Lock    stm32h7xx_hal_flash.o
    0x08004d7c   0x000000c0   Code   RO         1523    i.HAL_FLASH_Program  stm32h7xx_hal_flash.o
    0x08004e3c   0x00000044   Code   RO         1525    i.HAL_FLASH_Unlock  stm32h7xx_hal_flash.o
    0x08004e80   0x000001dc   Code   RO         1721    i.HAL_GPIO_Init     stm32h7xx_hal_gpio.o
    0x0800505c   0x0000000a   Code   RO         1725    i.HAL_GPIO_WritePin  stm32h7xx_hal_gpio.o
    0x08005066   0x00000002   PAD
    0x08005068   0x0000000c   Code   RO         2746    i.HAL_GetREVID      stm32h7xx_hal.o
    0x08005074   0x0000000c   Code   RO         2747    i.HAL_GetTick       stm32h7xx_hal.o
    0x08005080   0x00000010   Code   RO         2753    i.HAL_IncTick       stm32h7xx_hal.o
    0x08005090   0x0000005c   Code   RO         2754    i.HAL_Init          stm32h7xx_hal.o
    0x080050ec   0x00000040   Code   RO         2755    i.HAL_InitTick      stm32h7xx_hal.o
    0x0800512c   0x00000054   Code   RO         2576    i.HAL_MPU_ConfigRegion  stm32h7xx_hal_cortex.o
    0x08005180   0x0000001c   Code   RO         2577    i.HAL_MPU_Disable   stm32h7xx_hal_cortex.o
    0x0800519c   0x00000024   Code   RO         2579    i.HAL_MPU_Enable    stm32h7xx_hal_cortex.o
    0x080051c0   0x0000001c   Code   RO          741    i.HAL_MspInit       stm32h7xx_hal_msp.o
    0x080051dc   0x0000001a   Code   RO         2583    i.HAL_NVIC_EnableIRQ  stm32h7xx_hal_cortex.o
    0x080051f6   0x00000002   PAD
    0x080051f8   0x00000040   Code   RO         2589    i.HAL_NVIC_SetPriority  stm32h7xx_hal_cortex.o
    0x08005238   0x00000024   Code   RO         2590    i.HAL_NVIC_SetPriorityGrouping  stm32h7xx_hal_cortex.o
    0x0800525c   0x00000050   Code   RO         2322    i.HAL_PWREx_ConfigSupply  stm32h7xx_hal_pwr_ex.o
    0x080052ac   0x00000024   Code   RO         1342    i.HAL_RCCEx_GetD3PCLK1Freq  stm32h7xx_hal_rcc_ex.o
    0x080052d0   0x00000158   Code   RO         1343    i.HAL_RCCEx_GetPLL1ClockFreq  stm32h7xx_hal_rcc_ex.o
    0x08005428   0x0000013c   Code   RO         1344    i.HAL_RCCEx_GetPLL2ClockFreq  stm32h7xx_hal_rcc_ex.o
    0x08005564   0x0000013c   Code   RO         1345    i.HAL_RCCEx_GetPLL3ClockFreq  stm32h7xx_hal_rcc_ex.o
    0x080056a0   0x000002dc   Code   RO         1347    i.HAL_RCCEx_GetPeriphCLKFreq  stm32h7xx_hal_rcc_ex.o
    0x0800597c   0x000009a8   Code   RO         1351    i.HAL_RCCEx_PeriphCLKConfig  stm32h7xx_hal_rcc_ex.o
    0x08006324   0x00000270   Code   RO         1227    i.HAL_RCC_ClockConfig  stm32h7xx_hal_rcc.o
    0x08006594   0x00000044   Code   RO         1232    i.HAL_RCC_GetHCLKFreq  stm32h7xx_hal_rcc.o
    0x080065d8   0x00000024   Code   RO         1234    i.HAL_RCC_GetPCLK1Freq  stm32h7xx_hal_rcc.o
    0x080065fc   0x00000024   Code   RO         1235    i.HAL_RCC_GetPCLK2Freq  stm32h7xx_hal_rcc.o
    0x08006620   0x00000130   Code   RO         1236    i.HAL_RCC_GetSysClockFreq  stm32h7xx_hal_rcc.o
    0x08006750   0x0000056e   Code   RO         1239    i.HAL_RCC_OscConfig  stm32h7xx_hal_rcc.o
    0x08006cbe   0x00000028   Code   RO         2594    i.HAL_SYSTICK_Config  stm32h7xx_hal_cortex.o
    0x08006ce6   0x00000002   Code   RO         4972    i.HAL_TIMEx_Break2Callback  stm32h7xx_hal_tim_ex.o
    0x08006ce8   0x00000002   Code   RO         4973    i.HAL_TIMEx_BreakCallback  stm32h7xx_hal_tim_ex.o
    0x08006cea   0x00000002   Code   RO         4974    i.HAL_TIMEx_CommutCallback  stm32h7xx_hal_tim_ex.o
    0x08006cec   0x0000008c   Code   RO         4976    i.HAL_TIMEx_ConfigBreakDeadTime  stm32h7xx_hal_tim_ex.o
    0x08006d78   0x000000d0   Code   RO         4977    i.HAL_TIMEx_ConfigBreakInput  stm32h7xx_hal_tim_ex.o
    0x08006e48   0x000000a4   Code   RO         4994    i.HAL_TIMEx_MasterConfigSynchronization  stm32h7xx_hal_tim_ex.o
    0x08006eec   0x00000062   Code   RO         4258    i.HAL_TIM_Base_Init  stm32h7xx_hal_tim.o
    0x08006f4e   0x00000002   PAD
    0x08006f50   0x000000b0   Code   RO          464    i.HAL_TIM_Base_MspInit  tim.o
    0x08007000   0x000000fc   Code   RO         4267    i.HAL_TIM_ConfigClockSource  stm32h7xx_hal_tim.o
    0x080070fc   0x00000002   Code   RO         4292    i.HAL_TIM_IC_CaptureCallback  stm32h7xx_hal_tim.o
    0x080070fe   0x0000014a   Code   RO         4306    i.HAL_TIM_IRQHandler  stm32h7xx_hal_tim.o
    0x08007248   0x00000054   Code   RO          465    i.HAL_TIM_MspPostInit  tim.o
    0x0800729c   0x00000002   Code   RO         4309    i.HAL_TIM_OC_DelayElapsedCallback  stm32h7xx_hal_tim.o
    0x0800729e   0x00000124   Code   RO         4330    i.HAL_TIM_PWM_ConfigChannel  stm32h7xx_hal_tim.o
    0x080073c2   0x00000062   Code   RO         4333    i.HAL_TIM_PWM_Init  stm32h7xx_hal_tim.o
    0x08007424   0x00000002   Code   RO         4335    i.HAL_TIM_PWM_MspInit  stm32h7xx_hal_tim.o
    0x08007426   0x00000002   Code   RO         4336    i.HAL_TIM_PWM_PulseFinishedCallback  stm32h7xx_hal_tim.o
    0x08007428   0x00000002   Code   RO         4344    i.HAL_TIM_PeriodElapsedCallback  stm32h7xx_hal_tim.o
    0x0800742a   0x00000002   Code   RO         4349    i.HAL_TIM_TriggerCallback  stm32h7xx_hal_tim.o
    0x0800742c   0x0000003e   Code   RO         5683    i.HAL_UARTEx_DisableFifoMode  stm32h7xx_hal_uart_ex.o
    0x0800746a   0x00000052   Code   RO         5689    i.HAL_UARTEx_ReceiveToIdle_DMA  stm32h7xx_hal_uart_ex.o
    0x080074bc   0x00000078   Code   RO          600    i.HAL_UARTEx_RxEventCallback  stm32h7xx_it.o
    0x08007534   0x00000002   Code   RO         5691    i.HAL_UARTEx_RxFifoFullCallback  stm32h7xx_hal_uart_ex.o
    0x08007536   0x0000004c   Code   RO         5692    i.HAL_UARTEx_SetRxFifoThreshold  stm32h7xx_hal_uart_ex.o
    0x08007582   0x0000004c   Code   RO         5693    i.HAL_UARTEx_SetTxFifoThreshold  stm32h7xx_hal_uart_ex.o
    0x080075ce   0x00000002   Code   RO         5695    i.HAL_UARTEx_TxFifoEmptyCallback  stm32h7xx_hal_uart_ex.o
    0x080075d0   0x00000002   Code   RO         5696    i.HAL_UARTEx_WakeupCallback  stm32h7xx_hal_uart_ex.o
    0x080075d2   0x00000094   Code   RO         5284    i.HAL_UART_DMAStop  stm32h7xx_hal_uart.o
    0x08007666   0x00000002   Code   RO         5288    i.HAL_UART_ErrorCallback  stm32h7xx_hal_uart.o
    0x08007668   0x00000384   Code   RO         5291    i.HAL_UART_IRQHandler  stm32h7xx_hal_uart.o
    0x080079ec   0x0000006a   Code   RO         5292    i.HAL_UART_Init     stm32h7xx_hal_uart.o
    0x08007a56   0x00000002   PAD
    0x08007a58   0x000002ac   Code   RO          524    i.HAL_UART_MspInit  usart.o
    0x08007d04   0x00000048   Code   RO         5297    i.HAL_UART_Receive_IT  stm32h7xx_hal_uart.o
    0x08007d4c   0x00000002   Code   RO         5299    i.HAL_UART_RxCpltCallback  stm32h7xx_hal_uart.o
    0x08007d4e   0x00000002   Code   RO         5300    i.HAL_UART_RxHalfCpltCallback  stm32h7xx_hal_uart.o
    0x08007d50   0x000000ae   Code   RO         5301    i.HAL_UART_Transmit  stm32h7xx_hal_uart.o
    0x08007dfe   0x00000002   PAD
    0x08007e00   0x00000090   Code   RO         5302    i.HAL_UART_Transmit_DMA  stm32h7xx_hal_uart.o
    0x08007e90   0x00000002   Code   RO         5304    i.HAL_UART_TxCpltCallback  stm32h7xx_hal_uart.o
    0x08007e92   0x00000002   Code   RO         5305    i.HAL_UART_TxHalfCpltCallback  stm32h7xx_hal_uart.o
    0x08007e94   0x00000002   Code   RO          601    i.HardFault_Handler  stm32h7xx_it.o
    0x08007e96   0x00000002   PAD
    0x08007e98   0x00000044   Code   RO         5843    i.Homing            foc.o
    0x08007edc   0x0000003c   Code   RO         6310    i.Init              pid.o
    0x08007f18   0x00000062   Code   RO         5845    i.InverseParkTransform  foc.o
    0x08007f7a   0x00000070   Code   RO         5846    i.IterationLn       foc.o
    0x08007fea   0x0000000c   Code   RO         1020    i.LL_ADC_GetOffsetChannel  stm32h7xx_hal_adc_ex.o
    0x08007ff6   0x00000008   Code   RO          794    i.LL_ADC_INJ_IsConversionOngoing  stm32h7xx_hal_adc.o
    0x08007ffe   0x00000008   Code   RO         1021    i.LL_ADC_INJ_IsConversionOngoing  stm32h7xx_hal_adc_ex.o
    0x08008006   0x00000008   Code   RO          795    i.LL_ADC_IsEnabled  stm32h7xx_hal_adc.o
    0x0800800e   0x00000008   Code   RO         1022    i.LL_ADC_IsEnabled  stm32h7xx_hal_adc_ex.o
    0x08008016   0x00000008   Code   RO          796    i.LL_ADC_REG_IsConversionOngoing  stm32h7xx_hal_adc.o
    0x0800801e   0x00000008   Code   RO         1023    i.LL_ADC_REG_IsConversionOngoing  stm32h7xx_hal_adc_ex.o
    0x08008026   0x0000001e   Code   RO         1025    i.LL_ADC_SetChannelSamplingTime  stm32h7xx_hal_adc_ex.o
    0x08008044   0x00000018   Code   RO         1026    i.LL_ADC_SetOffset  stm32h7xx_hal_adc_ex.o
    0x0800805c   0x00000148   Code   RO         6861    i.LoadData          uart4_vofa+.o
    0x080081a4   0x00000114   Code   RO          327    i.MX_ADC1_Init      adc.o
    0x080082b8   0x000000c4   Code   RO          328    i.MX_ADC2_Init      adc.o
    0x0800837c   0x0000004c   Code   RO          374    i.MX_DMA_Init       dma.o
    0x080083c8   0x000000a4   Code   RO          400    i.MX_FDCAN1_Init    fdcan.o
    0x0800846c   0x000000e8   Code   RO          297    i.MX_GPIO_Init      gpio.o
    0x08008554   0x00000118   Code   RO          466    i.MX_TIM1_Init      tim.o
    0x0800866c   0x00000068   Code   RO          467    i.MX_TIM2_Init      tim.o
    0x080086d4   0x00000048   Code   RO          468    i.MX_TIM6_Init      tim.o
    0x0800871c   0x00000070   Code   RO          525    i.MX_USART1_UART_Init  usart.o
    0x0800878c   0x00000070   Code   RO          526    i.MX_USART2_UART_Init  usart.o
    0x080087fc   0x00000068   Code   RO          527    i.MX_USART3_UART_Init  usart.o
    0x08008864   0x00000068   Code   RO          528    i.MX_USART6_UART_Init  usart.o
    0x080088cc   0x0000016c   Code   RO         6200    i.MeasureInductance  motor.o
    0x08008a38   0x000000a4   Code   RO         6201    i.MeasureResistance  motor.o
    0x08008adc   0x00000002   Code   RO          602    i.MemManage_Handler  stm32h7xx_it.o
    0x08008ade   0x00000040   Code   RO         5847    i.Mod               foc.o
    0x08008b1e   0x00000002   PAD
    0x08008b20   0x00000018   Code   RO         6202    i.MotorStop         motor.o
    0x08008b38   0x000001ec   Code   RO         6203    i.Motor_Init        motor.o
    0x08008d24   0x00000002   Code   RO          603    i.NMI_Handler       stm32h7xx_it.o
    0x08008d26   0x00000002   PAD
    0x08008d28   0x000000a4   Code   RO         5848    i.PD_FOC_clear      foc.o
    0x08008dcc   0x00000108   Code   RO         6737    i.Pack_ActiveReport  can_rv.o
    0x08008ed4   0x00000058   Code   RO         6738    i.Pack_ActiveReport_Current  can_rv.o
    0x08008f2c   0x00000002   Code   RO          604    i.PendSV_Handler    stm32h7xx_it.o
    0x08008f2e   0x00000048   Code   RO           14    i.PeriphCommonClock_Config  main.o
    0x08008f76   0x00000002   PAD
    0x08008f78   0x00000044   Code   RO         5850    i.PositionLoop      foc.o
    0x08008fbc   0x00000114   Code   RO         1354    i.RCCEx_PLL2_Config  stm32h7xx_hal_rcc_ex.o
    0x080090d0   0x00000114   Code   RO         1355    i.RCCEx_PLL3_Config  stm32h7xx_hal_rcc_ex.o
    0x080091e4   0x00000134   Code   RO         6933    i.Read_MotorData    flash.o
    0x08009318   0x00000006   Code   RO         6311    i.ResetKd           pid.o
    0x0800931e   0x00000006   Code   RO         6312    i.ResetKi           pid.o
    0x08009324   0x00000006   Code   RO         6313    i.ResetKp           pid.o
    0x0800932a   0x00000002   Code   RO          605    i.SVC_Handler       stm32h7xx_it.o
    0x0800932c   0x000002b0   Code   RO         5851    i.SVPWM             foc.o
    0x080095dc   0x00000006   Code   RO         6314    i.SetTarget         pid.o
    0x080095e2   0x00000002   PAD
    0x080095e4   0x00000054   Code   RO         6419    i.SweepSine_Init    sweepsine.o
    0x08009638   0x0000002c   Code   RO         6420    i.SweepSine_Start   sweepsine.o
    0x08009664   0x000000b8   Code   RO         6421    i.SweepSine_Update_ISR  sweepsine.o
    0x0800971c   0x00000004   Code   RO          606    i.SysTick_Handler   stm32h7xx_it.o
    0x08009720   0x000000dc   Code   RO           15    i.SystemClock_Config  main.o
    0x080097fc   0x000000dc   Code   RO         5802    i.SystemInit        system_stm32h7xx.o
    0x080098d8   0x00000404   Code   RO          607    i.TIM1_UP_IRQHandler  stm32h7xx_it.o
    0x08009cdc   0x000000d0   Code   RO         4351    i.TIM_Base_SetConfig  stm32h7xx_hal_tim.o
    0x08009dac   0x00000014   Code   RO         4362    i.TIM_ETR_SetConfig  stm32h7xx_hal_tim.o
    0x08009dc0   0x00000014   Code   RO         4363    i.TIM_ITRx_SetConfig  stm32h7xx_hal_tim.o
    0x08009dd4   0x0000009c   Code   RO         4364    i.TIM_OC1_SetConfig  stm32h7xx_hal_tim.o
    0x08009e70   0x00000090   Code   RO         4365    i.TIM_OC2_SetConfig  stm32h7xx_hal_tim.o
    0x08009f00   0x00000090   Code   RO         4366    i.TIM_OC3_SetConfig  stm32h7xx_hal_tim.o
    0x08009f90   0x00000074   Code   RO         4367    i.TIM_OC4_SetConfig  stm32h7xx_hal_tim.o
    0x0800a004   0x00000070   Code   RO         4368    i.TIM_OC5_SetConfig  stm32h7xx_hal_tim.o
    0x0800a074   0x00000070   Code   RO         4369    i.TIM_OC6_SetConfig  stm32h7xx_hal_tim.o
    0x0800a0e4   0x00000022   Code   RO         4371    i.TIM_TI1_ConfigInputStage  stm32h7xx_hal_tim.o
    0x0800a106   0x00000024   Code   RO         4373    i.TIM_TI2_ConfigInputStage  stm32h7xx_hal_tim.o
    0x0800a12a   0x00000002   PAD
    0x0800a12c   0x00000044   Code   RO         5697    i.UARTEx_SetNbDataToProcess  stm32h7xx_hal_uart_ex.o
    0x0800a170   0x000000c8   Code   RO         5306    i.UART_AdvFeatureConfig  stm32h7xx_hal_uart.o
    0x0800a238   0x000000ac   Code   RO         5307    i.UART_CheckIdleState  stm32h7xx_hal_uart.o
    0x0800a2e4   0x00000014   Code   RO         5308    i.UART_DMAAbortOnError  stm32h7xx_hal_uart.o
    0x0800a2f8   0x00000050   Code   RO         5309    i.UART_DMAError     stm32h7xx_hal_uart.o
    0x0800a348   0x00000084   Code   RO         5310    i.UART_DMAReceiveCplt  stm32h7xx_hal_uart.o
    0x0800a3cc   0x00000020   Code   RO         5312    i.UART_DMARxHalfCplt  stm32h7xx_hal_uart.o
    0x0800a3ec   0x00000042   Code   RO         5314    i.UART_DMATransmitCplt  stm32h7xx_hal_uart.o
    0x0800a42e   0x0000000a   Code   RO         5316    i.UART_DMATxHalfCplt  stm32h7xx_hal_uart.o
    0x0800a438   0x00000054   Code   RO         5318    i.UART_EndRxTransfer  stm32h7xx_hal_uart.o
    0x0800a48c   0x0000002e   Code   RO         5319    i.UART_EndTxTransfer  stm32h7xx_hal_uart.o
    0x0800a4ba   0x00000002   PAD
    0x0800a4bc   0x000000c8   Code   RO         5320    i.UART_RxISR_16BIT  stm32h7xx_hal_uart.o
    0x0800a584   0x0000019c   Code   RO         5321    i.UART_RxISR_16BIT_FIFOEN  stm32h7xx_hal_uart.o
    0x0800a720   0x000000c8   Code   RO         5322    i.UART_RxISR_8BIT   stm32h7xx_hal_uart.o
    0x0800a7e8   0x0000019c   Code   RO         5323    i.UART_RxISR_8BIT_FIFOEN  stm32h7xx_hal_uart.o
    0x0800a984   0x0000039c   Code   RO         5324    i.UART_SetConfig    stm32h7xx_hal_uart.o
    0x0800ad20   0x000000ac   Code   RO         5325    i.UART_Start_Receive_DMA  stm32h7xx_hal_uart.o
    0x0800adcc   0x00000110   Code   RO         5326    i.UART_Start_Receive_IT  stm32h7xx_hal_uart.o
    0x0800aedc   0x00000092   Code   RO         5331    i.UART_WaitOnFlagUntilTimeout  stm32h7xx_hal_uart.o
    0x0800af6e   0x00000002   PAD
    0x0800af70   0x00000be8   Code   RO          608    i.USART1_IRQHandler  stm32h7xx_it.o
    0x0800bb58   0x00000070   Code   RO          609    i.USART2_IRQHandler  stm32h7xx_it.o
    0x0800bbc8   0x0000000c   Code   RO          610    i.USART6_IRQHandler  stm32h7xx_it.o
    0x0800bbd4   0x00000002   Code   RO          611    i.UsageFault_Handler  stm32h7xx_it.o
    0x0800bbd6   0x00000002   PAD
    0x0800bbd8   0x000000a4   Code   RO         5854    i.VelocityLoop      foc.o
    0x0800bc7c   0x000001dc   Code   RO         6934    i.Write_MotorData   flash.o
    0x0800be58   0x00000020   Code   RO         7379    i.__0printf         mc_w.l(printfa.o)
    0x0800be78   0x00000026   Code   RO         7409    i.__ARM_fpclassifyf  m_wv.l(fpclassifyf.o)
    0x0800be9e   0x00000020   Code   RO         2596    i.__NVIC_SetPriority  stm32h7xx_hal_cortex.o
    0x0800bebe   0x00000002   PAD
    0x0800bec0   0x00000008   Code   RO         7449    i.__aeabi_errno_addr  mc_w.l(errno.o)
    0x0800bec8   0x00000038   Code   RO         7063    i.__hardfp_atof     m_wv.l(atof.o)
    0x0800bf00   0x00000048   Code   RO         7123    i.__hardfp_fmaxf    m_wv.l(fmaxf.o)
    0x0800bf48   0x00000048   Code   RO         7127    i.__hardfp_fminf    m_wv.l(fminf.o)
    0x0800bf90   0x0000017c   Code   RO         7069    i.__hardfp_logf     m_wv.l(logf.o)
    0x0800c10c   0x00000194   Code   RO         7087    i.__hardfp_sinf     m_wv.l(sinf.o)
    0x0800c2a0   0x00000066   Code   RO         7099    i.__hardfp_sqrt     m_wv.l(sqrt.o)
    0x0800c306   0x0000003a   Code   RO         7111    i.__hardfp_sqrtf    m_wv.l(sqrtf.o)
    0x0800c340   0x00000018   Code   RO         7411    i.__mathlib_flt_divzero  m_wv.l(funder.o)
    0x0800c358   0x00000006   Code   RO         7412    i.__mathlib_flt_infnan  m_wv.l(funder.o)
    0x0800c35e   0x00000002   PAD
    0x0800c360   0x00000010   Code   RO         7414    i.__mathlib_flt_invalid  m_wv.l(funder.o)
    0x0800c370   0x00000010   Code   RO         7417    i.__mathlib_flt_underflow  m_wv.l(funder.o)
    0x0800c380   0x00000154   Code   RO         7425    i.__mathlib_rredf2  m_wv.l(rredf.o)
    0x0800c4d4   0x0000000c   Code   RO         7450    i.__read_errno      mc_w.l(errno.o)
    0x0800c4e0   0x0000000e   Code   RO         7536    i.__scatterload_copy  mc_w.l(handlers.o)
    0x0800c4ee   0x00000002   Code   RO         7537    i.__scatterload_null  mc_w.l(handlers.o)
    0x0800c4f0   0x0000000e   Code   RO         7538    i.__scatterload_zeroinit  mc_w.l(handlers.o)
    0x0800c4fe   0x00000002   PAD
    0x0800c500   0x0000000c   Code   RO         7451    i.__set_errno       mc_w.l(errno.o)
    0x0800c50c   0x00000184   Code   RO         7386    i._fp_digits        mc_w.l(printfa.o)
    0x0800c690   0x0000000e   Code   RO         7515    i._is_digit         mc_w.l(scanf_fp.o)
    0x0800c69e   0x00000002   PAD
    0x0800c6a0   0x000006dc   Code   RO         7387    i._printf_core      mc_w.l(printfa.o)
    0x0800cd7c   0x00000024   Code   RO         7388    i._printf_post_padding  mc_w.l(printfa.o)
    0x0800cda0   0x0000002e   Code   RO         7389    i._printf_pre_padding  mc_w.l(printfa.o)
    0x0800cdce   0x00000002   PAD
    0x0800cdd0   0x00000078   Code   RO         6454    i.arm_cos_f32       arm_cos_f32.o
    0x0800ce48   0x0000008c   Code   RO         6482    i.arm_sin_f32       arm_sin_f32.o
    0x0800ced4   0x00000024   Code   RO         5855    i.calcCRC           foc.o
    0x0800cef8   0x000002bc   Code   RO         6099    i.calibrate         calibration.o
    0x0800d1b4   0x000000e0   Code   RO         6204    i.currentSample     motor.o
    0x0800d294   0x00000028   Code   RO         5856    i.delay_us          foc.o
    0x0800d2bc   0x00000030   Code   RO         5857    i.disablePWM        foc.o
    0x0800d2ec   0x00000024   Code   RO         6206    i.enableADC         motor.o
    0x0800d310   0x00000014   Code   RO         5858    i.enablePWM         foc.o
    0x0800d324   0x00000148   Code   RO         6143    i.encoderSample     encoder.o
    0x0800d46c   0x000001cc   Code   RO         6690    i.enter_menu_state  interact.o
    0x0800d638   0x000004f8   Code   RO         6691    i.enter_setup_state  interact.o
    0x0800db30   0x000003a4   Code   RO         6894    i.errorDiag         diag.o
    0x0800ded4   0x000001e4   Code   RO         6895    i.errorReport       diag.o
    0x0800e0b8   0x00000006   Code   RO         6935    i.float2uint        flash.o
    0x0800e0be   0x00000028   Code   RO         5860    i.float_to_uint     foc.o
    0x0800e0e6   0x00000002   PAD
    0x0800e0e8   0x00000018   Code   RO         6620    i.fputc             uart_printf.o
    0x0800e100   0x000001c0   Code   RO         6988    i.get_next_position  pptraj.o
    0x0800e2c0   0x00000058   Code   RO         5862    i.init_controller_params  foc.o
    0x0800e318   0x00000150   Code   RO         6989    i.init_planner      pptraj.o
    0x0800e468   0x00000140   Code   RO         5863    i.least_square_method  foc.o
    0x0800e5a8   0x00000056   Code   RO         5865    i.limit_norm        foc.o
    0x0800e5fe   0x00000002   PAD
    0x0800e600   0x00000448   Code   RO           16    i.main              main.o
    0x0800ea48   0x000001d8   Code   RO         6100    i.order_phases      calibration.o
    0x0800ec20   0x000000e0   Code   RO         6739    i.pack_reply        can_rv.o
    0x0800ed00   0x000001b8   Code   RO         6144    i.prvCalcVelocity   encoder.o
    0x0800eeb8   0x00000044   Code   RO         5866    i.prvMod2PI         foc.o
    0x0800eefc   0x0000001c   Code   RO         6208    i.startJADC         motor.o
    0x0800ef18   0x00000158   Code   RO         6209    i.temperatureSample  motor.o
    0x0800f070   0x00000070   Code   RO         5867    i.torque_control    foc.o
    0x0800f0e0   0x00000028   Code   RO         5868    i.uint32_to_float   foc.o
    0x0800f108   0x000000cc   Code   RO         6740    i.unpack_MIT_cmd    can_rv.o
    0x0800f1d4   0x000000e0   Code   RO         6741    i.unpack_position_cmd  can_rv.o
    0x0800f2b4   0x00000050   Code   RO         6742    i.unpack_speed_cmd  can_rv.o
    0x0800f304   0x00000060   Code   RO         6743    i.unpack_torque_cmd  can_rv.o
    0x0800f364   0x00000034   Code   RO         6210    i.voltageSample     motor.o
    0x0800f398   0x00000008   Data   RO         1885    .constdata          stm32h7xx_hal_dma.o
    0x0800f3a0   0x0000005c   Data   RO         3738    .constdata          stm32h7xx_hal_fdcan.o
    0x0800f3fc   0x00000018   Data   RO         5332    .constdata          stm32h7xx_hal_uart.o
    0x0800f414   0x00000010   Data   RO         5698    .constdata          stm32h7xx_hal_uart_ex.o
    0x0800f424   0x00000010   Data   RO         5803    .constdata          system_stm32h7xx.o
    0x0800f434   0x00000008   Data   RO         6220    .constdata          motor.o
    0x0800f43c   0x00000018   Data   RO         6320    .constdata          pid.o
    0x0800f454   0x00000804   Data   RO         6592    .constdata          arm_common_tables.o
    0x0800fc58   0x00000040   Data   RO         7072    .constdata          m_wv.l(logf.o)
    0x0800fc98   0x00000020   Data   RO         7426    .constdata          m_wv.l(rredf.o)
    0x0800fcb8   0x00000081   Data   RO         7486    .constdata          mc_w.l(ctype_o.o)
    0x0800fd39   0x00000003   PAD
    0x0800fd3c   0x00000004   Data   RO         7487    .constdata          mc_w.l(ctype_o.o)
    0x0800fd40   0x00000a69   Data   RO          612    .conststring        stm32h7xx_it.o
    0x080107a9   0x00000003   PAD
    0x080107ac   0x0000004c   Data   RO         6692    .conststring        interact.o
    0x080107f8   0x00000020   Data   RO         7534    Region$$Table       anon$$obj.o


    Execution Region RW_IRAM1 (Base: 0x20000000, Size: 0x00000000, Max: 0x00020000, ABSOLUTE)

    **** No section assigned to this execution region ****


    Execution Region RW_IRAM2 (Base: 0x24000000, Size: 0x00010878, Max: 0x00080000, ABSOLUTE, COMPRESSED[0x000001a4])

    Base Addr    Size         Type   Attr      Idx    E Section Name        Object

    0x24000000   0x00000004   Data   RW           18    .data               main.o
    0x24000004   0x00000004   Data   RW          330    .data               adc.o
    0x24000008   0x00000001   Data   RW          405    .data               fdcan.o
    0x24000009   0x00000008   Data   RW          406    .data               fdcan.o
    0x24000011   0x00000001   PAD
    0x24000012   0x00000002   Data   RW          533    .data               usart.o
    0x24000014   0x00000001   Data   RW          535    .data               usart.o
    0x24000015   0x00000001   Data   RW          538    .data               usart.o
    0x24000016   0x00000001   Data   RW          539    .data               usart.o
    0x24000017   0x00000001   PAD
    0x24000018   0x00000014   Data   RW          613    .data               stm32h7xx_it.o
    0x2400002c   0x0000000c   Data   RW         2776    .data               stm32h7xx_hal.o
    0x24000038   0x00000008   Data   RW         5804    .data               system_stm32h7xx.o
    0x24000040   0x00000008   Data   RW         5873    .data               foc.o
    0x24000048   0x00000001   Data   RW         5874    .data               foc.o
    0x24000049   0x00000001   Data   RW         5875    .data               foc.o
    0x2400004a   0x0000010a   Data   RW         5877    .data               foc.o
    0x24000154   0x00000001   Data   RW         5878    .data               foc.o
    0x24000155   0x00000003   PAD
    0x24000158   0x00000004   Data   RW         5879    .data               foc.o
    0x2400015c   0x00000004   Data   RW         5880    .data               foc.o
    0x24000160   0x00000004   Data   RW         5881    .data               foc.o
    0x24000164   0x00000004   Data   RW         5885    .data               foc.o
    0x24000168   0x00000004   Data   RW         5886    .data               foc.o
    0x2400016c   0x00000004   Data   RW         5887    .data               foc.o
    0x24000170   0x00000004   Data   RW         5888    .data               foc.o
    0x24000174   0x00000004   Data   RW         5889    .data               foc.o
    0x24000178   0x00000004   Data   RW         5890    .data               foc.o
    0x2400017c   0x00000004   Data   RW         5891    .data               foc.o
    0x24000180   0x00000004   Data   RW         5892    .data               foc.o
    0x24000184   0x00000004   Data   RW         5893    .data               foc.o
    0x24000188   0x00000028   Data   RW         6149    .data               encoder.o
    0x240001b0   0x00000044   Data   RW         6221    .data               motor.o
    0x240001f4   0x00000004   Data   RW         6323    .data               pid.o
    0x240001f8   0x00000004   Data   RW         6324    .data               pid.o
    0x240001fc   0x00000004   Data   RW         6654    .data               user_config.o
    0x24000200   0x00000004   Data   RW         6655    .data               user_config.o
    0x24000204   0x00000004   Data   RW         6656    .data               user_config.o
    0x24000208   0x00000004   Data   RW         6657    .data               user_config.o
    0x2400020c   0x00000004   Data   RW         6658    .data               user_config.o
    0x24000210   0x00000004   Data   RW         6659    .data               user_config.o
    0x24000214   0x00000004   Data   RW         6660    .data               user_config.o
    0x24000218   0x00000004   Data   RW         6661    .data               user_config.o
    0x2400021c   0x00000004   Data   RW         6662    .data               user_config.o
    0x24000220   0x00000004   Data   RW         6663    .data               user_config.o
    0x24000224   0x00000004   Data   RW         6664    .data               user_config.o
    0x24000228   0x00000004   Data   RW         6665    .data               user_config.o
    0x2400022c   0x00000004   Data   RW         6666    .data               user_config.o
    0x24000230   0x0000001c   Data   RW         6693    .data               interact.o
    0x2400024c   0x00000028   Data   RW         6745    .data               can_rv.o
    0x24000274   0x00000004   Data   RW         6748    .data               can_rv.o
    0x24000278   0x00000004   Data   RW         6749    .data               can_rv.o
    0x2400027c   0x00000002   Data   RW         6863    .data               uart4_vofa+.o
    0x2400027e   0x00000002   PAD
    0x24000280   0x00000004   Data   RW         6864    .data               uart4_vofa+.o
    0x24000284   0x00000044   Data   RW         6897    .data               diag.o
    0x240002c8   0x00000001   Data   RW         6991    .data               pptraj.o
    0x240002c9   0x00000003   PAD
    0x240002cc   0x00000004   Data   RW         6992    .data               pptraj.o
    0x240002d0   0x00000008   Data   RW         7032    .data               trajectory.o
    0x240002d8   0x00000001   Data   RW         7033    .data               trajectory.o
    0x240002d9   0x00000001   Data   RW         7034    .data               trajectory.o
    0x240002da   0x00000002   PAD
    0x240002dc   0x00000004   Data   RW         7442    .data               mc_w.l(stdout.o)
    0x240002e0   0x00000004   Data   RW         7452    .data               mc_w.l(errno.o)
    0x240002e4   0x00000034   Zero   RW           17    .bss                main.o
    0x24000318   0x000000c8   Zero   RW          329    .bss                adc.o
    0x240003e0   0x00000040   Zero   RW          401    .bss                fdcan.o
    0x24000420   0x00000040   Zero   RW          402    .bss                fdcan.o
    0x24000460   0x00000028   Zero   RW          403    .bss                fdcan.o
    0x24000488   0x000000a0   Zero   RW          404    .bss                fdcan.o
    0x24000528   0x000000e4   Zero   RW          469    .bss                tim.o
    0x2400060c   0x000003cc   Zero   RW          530    .bss                usart.o
    0x240009d8   0x00000014   Zero   RW          531    .bss                usart.o
    0x240009ec   0x000000c8   Zero   RW          532    .bss                usart.o
    0x24000ab4   0x0000001c   Zero   RW         1526    .bss                stm32h7xx_hal_flash.o
    0x24000ad0   0x000000c0   Zero   RW         5871    .bss                foc.o
    0x24000b90   0x0000a800   Zero   RW         6101    .bss                calibration.o
    0x2400b390   0x00000028   Zero   RW         6145    .bss                encoder.o
    0x2400b3b8   0x00002058   Zero   RW         6146    .bss                encoder.o
    0x2400d410   0x00002058   Zero   RW         6147    .bss                encoder.o
    0x2400f468   0x00000024   Zero   RW         6148    .bss                encoder.o
    0x2400f48c   0x000000f0   Zero   RW         6211    .bss                motor.o
    0x2400f57c   0x000000d0   Zero   RW         6213    .bss                motor.o
    0x2400f64c   0x00000044   Zero   RW         6317    .bss                pid.o
    0x2400f690   0x00000044   Zero   RW         6318    .bss                pid.o
    0x2400f6d4   0x00000010   Zero   RW         6744    .bss                can_rv.o
    0x2400f6e4   0x0000009c   Zero   RW         6862    .bss                uart4_vofa+.o
    0x2400f780   0x00000048   Zero   RW         6896    .bss                diag.o
    0x2400f7c8   0x00000080   Zero   RW         6937    .bss                flash.o
    0x2400f848   0x00000030   Zero   RW         6990    .bss                pptraj.o
    0x2400f878   0x00001000   Zero   RW            1    STACK               startup_stm32h743xx.o


==============================================================================

Image component sizes


      Code (inc. data)   RO Data    RW Data    ZI Data      Debug   Object Name

       680         70          0          4        200       2790   adc.o
         0          0       2052          0          0       6520   arm_common_tables.o
       120         12          0          0          0        774   arm_cos_f32.o
       140         16          0          0          0        786   arm_sin_f32.o
      1172        368          0          0      43008       3115   calibration.o
      2512        338          0         48         16       9576   can_rv.o
      1416        248          0         68         72       3736   diag.o
        76          4          0          0          0        778   dma.o
      1024         88          0         40      16636       4918   encoder.o
       284         20          0          9        328       2056   fdcan.o
       856        196          0          0        128       4543   flash.o
      3104        380          0        325        192      20209   foc.o
       232         18          0          0          0       1051   gpio.o
      1732       1014         76         28          0       2136   interact.o
      1392        252          0          4         52    1392815   main.o
      2208        364          8         68        448      12447   motor.o
       300         10         24          8        136       5060   pid.o
       784         18          0          5         48       4192   pptraj.o
        36          8        664          0       4096        828   startup_stm32h743xx.o
       232         44          0         12          0      23240   stm32h7xx_hal.o
      1008        112          0          0          0      66573   stm32h7xx_hal_adc.o
      2070        118          0          0          0      71120   stm32h7xx_hal_adc_ex.o
       346         30          0          0          0      41549   stm32h7xx_hal_cortex.o
      6000        148          8          0          0      12173   stm32h7xx_hal_dma.o
      2674         52         92          0          0      22253   stm32h7xx_hal_fdcan.o
       508         50          0          0         28      14654   stm32h7xx_hal_flash.o
       468         18          0          0          0       4241   stm32h7xx_hal_flash_ex.o
       486         50          0          0          0       2236   stm32h7xx_hal_gpio.o
        28          6          0          0          0        806   stm32h7xx_hal_msp.o
        80          4          0          0          0        781   stm32h7xx_hal_pwr_ex.o
      2458        126          0          0          0       7180   stm32h7xx_hal_rcc.o
      4768        182          0          0          0      10631   stm32h7xx_hal_rcc_ex.o
      2184        198          0          0          0      17678   stm32h7xx_hal_tim.o
       518         36          0          0          0       5533   stm32h7xx_hal_tim_ex.o
      5134        210         24          0          0      45143   stm32h7xx_hal_uart.o
       370          6         16          0          0       6297   stm32h7xx_hal_uart_ex.o
      4444       1186       2665         20          0      13268   stm32h7xx_it.o
       312         20          0          0          0       2990   sweepsine.o
       220         40         16          8          0       1302   system_stm32h7xx.o
       716         56          0          0        228       4030   tim.o
         0          0          0         10          0       1689   trajectory.o
       328         50          0          6        156       1533   uart4_vofa+.o
        24          4          0          0          0        540   uart_printf.o
      1116         86          0          5       1192       5075   usart.o
         0          0          0         52          0        601   user_config.o

    ----------------------------------------------------------------------
     54606       6256       5680        732      66964    1861446   Object Totals
         0          0         32          0          0          0   (incl. Generated)
        46          0          3         12          0          0   (incl. Padding)

    ----------------------------------------------------------------------

      Code (inc. data)   RO Data    RW Data    ZI Data      Debug   Library Member Name

        56         12          0          0          0        132   atof.o
        72          0          0          0          0        148   fmaxf.o
        72          0          0          0          0        148   fminf.o
        38          0          0          0          0        116   fpclassifyf.o
        62         22          0          0          0        464   funder.o
       380         56         64          0          0        140   logf.o
       340         24         32          0          0        160   rredf.o
       404         60          0          0          0        212   sinf.o
       102          0          0          0          0        140   sqrt.o
        58          0          0          0          0        136   sqrtf.o
        86          0          0          0          0          0   __dczerorl2.o
        28          0          0          0          0         68   _chval.o
        64          0          0          0          0         84   _sgetc.o
       158          0          0          0          0         92   _strtoul.o
        26          0          0          0          0         80   atoi.o
         8          4        133          0          0         68   ctype_o.o
         0          0          0          0          0          0   entry.o
         0          0          0          0          0          0   entry10a.o
         0          0          0          0          0          0   entry11a.o
         8          4          0          0          0          0   entry2.o
         4          0          0          0          0          0   entry5.o
         0          0          0          0          0          0   entry7b.o
         0          0          0          0          0          0   entry8b.o
         8          4          0          0          0          0   entry9a.o
        32         16          0          4          0        204   errno.o
        30          0          0          0          0          0   handlers.o
        36          8          0          0          0         68   init.o
        18          0          0          0          0         76   isspace_o.o
         0          0          0          0          0          0   iusefp.o
        30          0          0          0          0         68   llshl.o
        36          0          0          0          0         68   llsshr.o
        32          0          0          0          0         68   llushr.o
        36          0          0          0          0         68   memcpya.o
        36          0          0          0          0        108   memseta.o
      2258         90          0          0          0        452   printfa.o
       838         12          0          0          0        216   scanf_fp.o
         0          0          0          4          0          0   stdout.o
       156         12          0          0          0        120   strtod.o
       112          0          0          0          0         88   strtol.o
        44          0          0          0          0         80   uidiv.o
        98          0          0          0          0         92   uldiv.o
        48          0          0          0          0         68   cdrcmple.o
        56          0          0          0          0         88   d2f.o
       334          0          0          0          0        148   dadd.o
       222          0          0          0          0        100   ddiv.o
       186          0          0          0          0        176   depilogue.o
        48          0          0          0          0         68   dfixul.o
        24          0          0          0          0         76   dfltul.o
       228          0          0          0          0         96   dmul.o
        54          0          0          0          0         68   fcmp4.o
       110          0          0          0          0        168   fepilogue.o

    ----------------------------------------------------------------------
      7090        324        232          8          0       5020   Library Totals
        14          0          3          0          0          0   (incl. Padding)

    ----------------------------------------------------------------------

      Code (inc. data)   RO Data    RW Data    ZI Data      Debug   Library Name

      1584        174         96          0          0       1796   m_wv.l
      4182        150        133          8          0       2168   mc_w.l
      1310          0          0          0          0       1056   mf_w.l

    ----------------------------------------------------------------------
      7090        324        232          8          0       5020   Library Totals

    ----------------------------------------------------------------------

==============================================================================


      Code (inc. data)   RO Data    RW Data    ZI Data      Debug   

     61696       6580       5912        740      66964    1838786   Grand Totals
     61696       6580       5912        420      66964    1838786   ELF Image Totals (compressed)
     61696       6580       5912        420          0          0   ROM Totals

==============================================================================

    Total RO  Size (Code + RO Data)                67608 (  66.02kB)
    Total RW  Size (RW Data + ZI Data)             67704 (  66.12kB)
    Total ROM Size (Code + RO Data + RW Data)      68028 (  66.43kB)

==============================================================================

